Archive member included to satisfy reference by file (symbol)

c:/vscodeide/software/armembeddedgcc/bin/../lib/gcc/arm-none-eabi/10.3.1/../../../../arm-none-eabi/lib/thumb/v7-m/nofp\libc_nano.a(lib_a-errno.o)
                              build/sysmem.o (__errno)
c:/vscodeide/software/armembeddedgcc/bin/../lib/gcc/arm-none-eabi/10.3.1/../../../../arm-none-eabi/lib/thumb/v7-m/nofp\libc_nano.a(lib_a-exit.o)
                              c:/vscodeide/software/armembeddedgcc/bin/../lib/gcc/arm-none-eabi/10.3.1/../../../../arm-none-eabi/lib/thumb/v7-m/nofp/crt0.o (exit)
c:/vscodeide/software/armembeddedgcc/bin/../lib/gcc/arm-none-eabi/10.3.1/../../../../arm-none-eabi/lib/thumb/v7-m/nofp\libc_nano.a(lib_a-impure.o)
                              c:/vscodeide/software/armembeddedgcc/bin/../lib/gcc/arm-none-eabi/10.3.1/../../../../arm-none-eabi/lib/thumb/v7-m/nofp\libc_nano.a(lib_a-exit.o) (_global_impure_ptr)
c:/vscodeide/software/armembeddedgcc/bin/../lib/gcc/arm-none-eabi/10.3.1/../../../../arm-none-eabi/lib/thumb/v7-m/nofp\libc_nano.a(lib_a-init.o)
                              c:/vscodeide/software/armembeddedgcc/bin/../lib/gcc/arm-none-eabi/10.3.1/../../../../arm-none-eabi/lib/thumb/v7-m/nofp/crt0.o (__libc_init_array)
c:/vscodeide/software/armembeddedgcc/bin/../lib/gcc/arm-none-eabi/10.3.1/../../../../arm-none-eabi/lib/thumb/v7-m/nofp\libc_nano.a(lib_a-memset.o)
                              c:/vscodeide/software/armembeddedgcc/bin/../lib/gcc/arm-none-eabi/10.3.1/../../../../arm-none-eabi/lib/thumb/v7-m/nofp/crt0.o (memset)
c:/vscodeide/software/armembeddedgcc/bin/../lib/gcc/arm-none-eabi/10.3.1/thumb/v7-m/nofp\libgcc.a(_arm_muldf3.o)
                              build/main.o (__aeabi_dmul)
c:/vscodeide/software/armembeddedgcc/bin/../lib/gcc/arm-none-eabi/10.3.1/thumb/v7-m/nofp\libgcc.a(_arm_addsubdf3.o)
                              build/main.o (__aeabi_dsub)
c:/vscodeide/software/armembeddedgcc/bin/../lib/gcc/arm-none-eabi/10.3.1/thumb/v7-m/nofp\libgcc.a(_arm_muldivdf3.o)
                              build/main.o (__aeabi_ddiv)
c:/vscodeide/software/armembeddedgcc/bin/../lib/gcc/arm-none-eabi/10.3.1/thumb/v7-m/nofp\libgcc.a(_arm_truncdfsf2.o)
                              build/main.o (__aeabi_d2f)

Discarded input sections

 .text          0x00000000        0x0 c:/vscodeide/software/armembeddedgcc/bin/../lib/gcc/arm-none-eabi/10.3.1/thumb/v7-m/nofp/crti.o
 .data          0x00000000        0x0 c:/vscodeide/software/armembeddedgcc/bin/../lib/gcc/arm-none-eabi/10.3.1/thumb/v7-m/nofp/crti.o
 .bss           0x00000000        0x0 c:/vscodeide/software/armembeddedgcc/bin/../lib/gcc/arm-none-eabi/10.3.1/thumb/v7-m/nofp/crti.o
 .data          0x00000000        0x4 c:/vscodeide/software/armembeddedgcc/bin/../lib/gcc/arm-none-eabi/10.3.1/thumb/v7-m/nofp/crtbegin.o
 .rodata        0x00000000       0x24 c:/vscodeide/software/armembeddedgcc/bin/../lib/gcc/arm-none-eabi/10.3.1/thumb/v7-m/nofp/crtbegin.o
 .text          0x00000000       0x7c c:/vscodeide/software/armembeddedgcc/bin/../lib/gcc/arm-none-eabi/10.3.1/../../../../arm-none-eabi/lib/thumb/v7-m/nofp/crt0.o
 .data          0x00000000        0x0 c:/vscodeide/software/armembeddedgcc/bin/../lib/gcc/arm-none-eabi/10.3.1/../../../../arm-none-eabi/lib/thumb/v7-m/nofp/crt0.o
 .bss           0x00000000        0x0 c:/vscodeide/software/armembeddedgcc/bin/../lib/gcc/arm-none-eabi/10.3.1/../../../../arm-none-eabi/lib/thumb/v7-m/nofp/crt0.o
 .ARM.extab     0x00000000        0x0 c:/vscodeide/software/armembeddedgcc/bin/../lib/gcc/arm-none-eabi/10.3.1/../../../../arm-none-eabi/lib/thumb/v7-m/nofp/crt0.o
 .ARM.exidx     0x00000000       0x10 c:/vscodeide/software/armembeddedgcc/bin/../lib/gcc/arm-none-eabi/10.3.1/../../../../arm-none-eabi/lib/thumb/v7-m/nofp/crt0.o
 .ARM.attributes
                0x00000000       0x1b c:/vscodeide/software/armembeddedgcc/bin/../lib/gcc/arm-none-eabi/10.3.1/../../../../arm-none-eabi/lib/thumb/v7-m/nofp/crt0.o
 .text          0x00000000        0x0 build/main.o
 .data          0x00000000        0x0 build/main.o
 .bss           0x00000000        0x0 build/main.o
 .bss.temp      0x00000000        0x4 build/main.o
 .data.dataTo   0x00000000        0x2 build/main.o
 .text          0x00000000        0x0 build/gpio.o
 .data          0x00000000        0x0 build/gpio.o
 .bss           0x00000000        0x0 build/gpio.o
 .text          0x00000000        0x0 build/stm32f1xx_it.o
 .data          0x00000000        0x0 build/stm32f1xx_it.o
 .bss           0x00000000        0x0 build/stm32f1xx_it.o
 .text          0x00000000        0x0 build/stm32f1xx_hal_msp.o
 .data          0x00000000        0x0 build/stm32f1xx_hal_msp.o
 .bss           0x00000000        0x0 build/stm32f1xx_hal_msp.o
 .text          0x00000000        0x0 build/stm32f1xx_hal_gpio_ex.o
 .data          0x00000000        0x0 build/stm32f1xx_hal_gpio_ex.o
 .bss           0x00000000        0x0 build/stm32f1xx_hal_gpio_ex.o
 .text.HAL_GPIOEx_ConfigEventout
[...]
Memory Configuration

Name             Origin             Length             Attributes
RAM              0x20000000         0x00005000         xrw
FLASH            0x08000000         0x00010000         xr
*default*        0x00000000         0xffffffff

Linker script and memory map

LOAD c:/vscodeide/software/armembeddedgcc/bin/../lib/gcc/arm-none-eabi/10.3.1/thumb/v7-m/nofp/crti.o
LOAD c:/vscodeide/software/armembeddedgcc/bin/../lib/gcc/arm-none-eabi/10.3.1/thumb/v7-m/nofp/crtbegin.o
LOAD c:/vscodeide/software/armembeddedgcc/bin/../lib/gcc/arm-none-eabi/10.3.1/../../../../arm-none-eabi/lib/thumb/v7-m/nofp/crt0.o
LOAD build/main.o
LOAD build/gpio.o
LOAD build/stm32f1xx_it.o
LOAD build/stm32f1xx_hal_msp.o
LOAD build/stm32f1xx_hal_gpio_ex.o
LOAD build/stm32f1xx_hal_tim.o
LOAD build/stm32f1xx_hal_tim_ex.o
LOAD build/stm32f1xx_hal.o
LOAD build/stm32f1xx_hal_rcc.o
LOAD build/stm32f1xx_hal_rcc_ex.o
LOAD build/stm32f1xx_hal_gpio.o
LOAD build/stm32f1xx_hal_dma.o
LOAD build/stm32f1xx_hal_cortex.o
LOAD build/stm32f1xx_hal_pwr.o
LOAD build/stm32f1xx_hal_flash.o
LOAD build/stm32f1xx_hal_flash_ex.o
LOAD build/stm32f1xx_hal_exti.o
LOAD build/system_stm32f1xx.o
LOAD build/sysmem.o
LOAD build/syscalls.o
LOAD build/spi.o
LOAD build/stm32f1xx_hal_spi.o
LOAD build/AD7793.o
LOAD build/startup_stm32f103xb.o
LOAD c:/vscodeide/software/armembeddedgcc/bin/../lib/gcc/arm-none-eabi/10.3.1/../../../../arm-none-eabi/lib/thumb/v7-m/nofp\libc_nano.a
LOAD c:/vscodeide/software/armembeddedgcc/bin/../lib/gcc/arm-none-eabi/10.3.1/../../../../arm-none-eabi/lib/thumb/v7-m/nofp\libm.a
LOAD c:/vscodeide/software/armembeddedgcc/bin/../lib/gcc/arm-none-eabi/10.3.1/../../../../arm-none-eabi/lib/thumb/v7-m/nofp\libnosys.a
START GROUP
LOAD c:/vscodeide/software/armembeddedgcc/bin/../lib/gcc/arm-none-eabi/10.3.1/thumb/v7-m/nofp\libgcc.a
LOAD c:/vscodeide/software/armembeddedgcc/bin/../lib/gcc/arm-none-eabi/10.3.1/../../../../arm-none-eabi/lib/thumb/v7-m/nofp\libc_nano.a
END GROUP
START GROUP
LOAD c:/vscodeide/software/armembeddedgcc/bin/../lib/gcc/arm-none-eabi/10.3.1/thumb/v7-m/nofp\libgcc.a
LOAD c:/vscodeide/software/armembeddedgcc/bin/../lib/gcc/arm-none-eabi/10.3.1/../../../../arm-none-eabi/lib/thumb/v7-m/nofp\libc_nano.a
END GROUP
LOAD c:/vscodeide/software/armembeddedgcc/bin/../lib/gcc/arm-none-eabi/10.3.1/thumb/v7-m/nofp/crtend.o
LOAD c:/vscodeide/software/armembeddedgcc/bin/../lib/gcc/arm-none-eabi/10.3.1/thumb/v7-m/nofp/crtn.o
                0x20005000                _estack = (ORIGIN (RAM) + LENGTH (RAM))
                0x00000200                _Min_Heap_Size = 0x200
                0x00000400                _Min_Stack_Size = 0x400

.isr_vector     0x08000000      0x10c
                0x08000000                . = ALIGN (0x4)
 *(.isr_vector)
 .isr_vector    0x08000000      0x10c build/startup_stm32f103xb.o
                0x08000000                g_pfnVectors
                0x0800010c                . = ALIGN (0x4)

.text           0x08000110     0x1cac
                0x08000110                . = ALIGN (0x4)
 *(.text)
 .text          0x08000110       0x40 c:/vscodeide/software/armembeddedgcc/bin/../lib/gcc/arm-none-eabi/10.3.1/thumb/v7-m/nofp/crtbegin.o
 .text          0x08000150      0x378 c:/vscodeide/software/armembeddedgcc/bin/../lib/gcc/arm-none-eabi/10.3.1/thumb/v7-m/nofp\libgcc.a(_arm_addsubdf3.o)
                0x08000150                __aeabi_drsub
                0x08000158                __aeabi_dsub
                0x08000158                __subdf3
                0x0800015c                __aeabi_dadd
                0x0800015c                __adddf3
                0x080003d4                __floatunsidf
                0x080003d4                __aeabi_ui2d
                0x080003f4                __floatsidf
                0x080003f4                __aeabi_i2d
                0x08000418                __aeabi_f2d
                0x08000418                __extendsfdf2
                0x0800045c                __floatundidf
                0x0800045c                __aeabi_ul2d
                0x0800046c                __floatdidf
                0x0800046c                __aeabi_l2d
 .text          0x080004c8      0x424 c:/vscodeide/software/armembeddedgcc/bin/../lib/gcc/arm-none-eabi/10.3.1/thumb/v7-m/nofp\libgcc.a(_arm_muldivdf3.o)
                0x080004c8                __aeabi_dmul
                0x080004c8                __muldf3
                0x0800071c                __divdf3
                0x0800071c                __aeabi_ddiv
 .text          0x080008ec       0xa0 c:/vscodeide/software/armembeddedgcc/bin/../lib/gcc/arm-none-eabi/10.3.1/thumb/v7-m/nofp\libgcc.a(_arm_truncdfsf2.o)
                0x080008ec                __truncdfsf2
                0x080008ec                __aeabi_d2f
 *(.text*)
 .text.Error_Handler
                0x0800098c        0x4 build/main.o
                0x0800098c                Error_Handler
 .text.SystemClock_Config
                0x08000990       0x66 build/main.o
                0x08000990                SystemClock_Config
 *fill*         0x080009f6        0x2 
 .text.main     0x080009f8       0xb0 build/main.o
                0x080009f8                main
 .text.MX_GPIO_Init
                0x08000aa8       0xb4 build/gpio.o
                0x08000aa8                MX_GPIO_Init
 .text.NMI_Handler
                0x08000b5c        0x2 build/stm32f1xx_it.o
                0x08000b5c                NMI_Handler
 .text.HardFault_Handler
                0x08000b5e        0x2 build/stm32f1xx_it.o
                0x08000b5e                HardFault_Handler
 .text.MemManage_Handler
                0x08000b60        0x2 build/stm32f1xx_it.o
                0x08000b60                MemManage_Handler
 .text.BusFault_Handler
                0x08000b62        0x2 build/stm32f1xx_it.o
                0x08000b62                BusFault_Handler
 .text.UsageFault_Handler
                0x08000b64        0x2 build/stm32f1xx_it.o
                0x08000b64                UsageFault_Handler
 .text.SVC_Handler
                0x08000b66        0x2 build/stm32f1xx_it.o
                0x08000b66                SVC_Handler
 .text.DebugMon_Handler
                0x08000b68        0x2 build/stm32f1xx_it.o
                0x08000b68                DebugMon_Handler
 .text.PendSV_Handler
                0x08000b6a        0x2 build/stm32f1xx_it.o
                0x08000b6a                PendSV_Handler
 .text.SysTick_Handler
                0x08000b6c        0x8 build/stm32f1xx_it.o
                0x08000b6c                SysTick_Handler
 .text.HAL_MspInit
                0x08000b74       0x44 build/stm32f1xx_hal_msp.o
                0x08000b74                HAL_MspInit
 .text.HAL_InitTick
                0x08000bb8       0x4c build/stm32f1xx_hal.o
                0x08000bb8                HAL_InitTick
 .text.HAL_Init
                0x08000c04       0x24 build/stm32f1xx_hal.o
                0x08000c04                HAL_Init
 .text.HAL_IncTick
                0x08000c28       0x18 build/stm32f1xx_hal.o
                0x08000c28                HAL_IncTick
 .text.HAL_GetTick
                0x08000c40        0xc build/stm32f1xx_hal.o
                0x08000c40                HAL_GetTick
 .text.HAL_Delay
                0x08000c4c       0x28 build/stm32f1xx_hal.o
                0x08000c4c                HAL_Delay
 .text.RCC_Delay
                0x08000c74       0x2c build/stm32f1xx_hal_rcc.o
 .text.HAL_RCC_OscConfig
                0x08000ca0      0x410 build/stm32f1xx_hal_rcc.o
                0x08000ca0                HAL_RCC_OscConfig
 .text.HAL_RCC_GetSysClockFreq
                0x080010b0       0x54 build/stm32f1xx_hal_rcc.o
                0x080010b0                HAL_RCC_GetSysClockFreq
 .text.HAL_RCC_ClockConfig
                0x08001104      0x16c build/stm32f1xx_hal_rcc.o
                0x08001104                HAL_RCC_ClockConfig
 .text.HAL_GPIO_Init
                0x08001270      0x224 build/stm32f1xx_hal_gpio.o
                0x08001270                HAL_GPIO_Init
 .text.HAL_GPIO_WritePin
                0x08001494        0xc build/stm32f1xx_hal_gpio.o
                0x08001494                HAL_GPIO_WritePin
 .text.HAL_NVIC_SetPriorityGrouping
                0x080014a0       0x24 build/stm32f1xx_hal_cortex.o
                0x080014a0                HAL_NVIC_SetPriorityGrouping
 .text.HAL_NVIC_SetPriority
                0x080014c4       0x70 build/stm32f1xx_hal_cortex.o
                0x080014c4                HAL_NVIC_SetPriority
 .text.HAL_SYSTICK_Config
                0x08001534       0x28 build/stm32f1xx_hal_cortex.o
                0x08001534                HAL_SYSTICK_Config
 .text.SystemInit
                0x0800155c        0x2 build/system_stm32f1xx.o
                0x0800155c                SystemInit
 *fill*         0x0800155e        0x2 
 .text.MX_SPI2_Init
                0x08001560       0x48 build/spi.o
                0x08001560                MX_SPI2_Init
 .text.HAL_SPI_MspInit
                0x080015a8       0x78 build/spi.o
                0x080015a8                HAL_SPI_MspInit
 .text.SPI_WaitFlagStateUntilTimeout
                0x08001620       0xd4 build/stm32f1xx_hal_spi.o
 .text.SPI_EndRxTxTransaction
                0x080016f4       0x24 build/stm32f1xx_hal_spi.o
 .text.HAL_SPI_Init
                0x08001718       0xb6 build/stm32f1xx_hal_spi.o
                0x08001718                HAL_SPI_Init
 .text.HAL_SPI_Transmit
                0x080017ce      0x1b8 build/stm32f1xx_hal_spi.o
                0x080017ce                HAL_SPI_Transmit
 .text.HAL_SPI_TransmitReceive
                0x08001986      0x244 build/stm32f1xx_hal_spi.o
                0x08001986                HAL_SPI_TransmitReceive
 *fill*         0x08001bca        0x2 
 .text.AD7793_Init
                0x08001bcc       0x48 build/AD7793.o
                0x08001bcc                AD7793_Init
 .text.AD7793_Reset
                0x08001c14       0x40 build/AD7793.o
                0x08001c14                AD7793_Reset
 .text.AD7793_Configuration_Register
                0x08001c54       0x58 build/AD7793.o
                0x08001c54                AD7793_Configuration_Register
 .text.AD7793_SingleConversion
                0x08001cac       0x54 build/AD7793.o
                0x08001cac                AD7793_SingleConversion
 .text.Reset_Handler
                0x08001d00       0x48 build/startup_stm32f103xb.o
                0x08001d00                Reset_Handler
 .text.Default_Handler
                0x08001d48        0x2 build/startup_stm32f103xb.o
                0x08001d48                RTC_Alarm_IRQHandler
                0x08001d48                EXTI2_IRQHandler
                0x08001d48                TIM1_CC_IRQHandler
                0x08001d48                PVD_IRQHandler
                0x08001d48                EXTI3_IRQHandler
                0x08001d48                EXTI0_IRQHandler
                0x08001d48                I2C2_EV_IRQHandler
                0x08001d48                ADC1_2_IRQHandler
                0x08001d48                SPI1_IRQHandler
                0x08001d48                TAMPER_IRQHandler
                0x08001d48                DMA1_Channel4_IRQHandler
                0x08001d48                USART3_IRQHandler
                0x08001d48                RTC_IRQHandler
                0x08001d48                DMA1_Channel7_IRQHandler
                0x08001d48                CAN1_RX1_IRQHandler
                0x08001d48                TIM4_IRQHandler
                0x08001d48                I2C1_EV_IRQHandler
                0x08001d48                DMA1_Channel6_IRQHandler
                0x08001d48                TIM3_IRQHandler
                0x08001d48                RCC_IRQHandler
                0x08001d48                TIM1_TRG_COM_IRQHandler
                0x08001d48                DMA1_Channel1_IRQHandler
                0x08001d48                Default_Handler
                0x08001d48                EXTI15_10_IRQHandler
                0x08001d48                EXTI9_5_IRQHandler
                0x08001d48                SPI2_IRQHandler
                0x08001d48                DMA1_Channel5_IRQHandler
                0x08001d48                EXTI4_IRQHandler
                0x08001d48                USB_LP_CAN1_RX0_IRQHandler
                0x08001d48                USB_HP_CAN1_TX_IRQHandler
                0x08001d48                DMA1_Channel3_IRQHandler
                0x08001d48                TIM1_UP_IRQHandler
                0x08001d48                WWDG_IRQHandler
                0x08001d48                TIM2_IRQHandler
                0x08001d48                TIM1_BRK_IRQHandler
                0x08001d48                EXTI1_IRQHandler
                0x08001d48                USART2_IRQHandler
                0x08001d48                I2C2_ER_IRQHandler
                0x08001d48                DMA1_Channel2_IRQHandler
                0x08001d48                CAN1_SCE_IRQHandler
                0x08001d48                FLASH_IRQHandler
                0x08001d48                USART1_IRQHandler
                0x08001d48                I2C1_ER_IRQHandler
                0x08001d48                USBWakeUp_IRQHandler
 *fill*         0x08001d4a        0x2 
 .text.__libc_init_array
                0x08001d4c       0x48 c:/vscodeide/software/armembeddedgcc/bin/../lib/gcc/arm-none-eabi/10.3.1/../../../../arm-none-eabi/lib/thumb/v7-m/nofp\libc_nano.a(lib_a-init.o)
                0x08001d4c                __libc_init_array
 .text.memset   0x08001d94       0x10 c:/vscodeide/software/armembeddedgcc/bin/../lib/gcc/arm-none-eabi/10.3.1/../../../../arm-none-eabi/lib/thumb/v7-m/nofp\libc_nano.a(lib_a-memset.o)
                0x08001d94                memset
 *(.glue_7)
 .glue_7        0x08001da4        0x0 linker stubs
 *(.glue_7t)
 .glue_7t       0x08001da4        0x0 linker stubs
 *(.eh_frame)
 .eh_frame      0x08001da4        0x0 c:/vscodeide/software/armembeddedgcc/bin/../lib/gcc/arm-none-eabi/10.3.1/thumb/v7-m/nofp/crtbegin.o
 *(.init)
 .init          0x08001da4        0x4 c:/vscodeide/software/armembeddedgcc/bin/../lib/gcc/arm-none-eabi/10.3.1/thumb/v7-m/nofp/crti.o
                0x08001da4                _init
 .init          0x08001da8        0x8 c:/vscodeide/software/armembeddedgcc/bin/../lib/gcc/arm-none-eabi/10.3.1/thumb/v7-m/nofp/crtn.o
 *(.fini)
 .fini          0x08001db0        0x4 c:/vscodeide/software/armembeddedgcc/bin/../lib/gcc/arm-none-eabi/10.3.1/thumb/v7-m/nofp/crti.o
                0x08001db0                _fini
 .fini          0x08001db4        0x8 c:/vscodeide/software/armembeddedgcc/bin/../lib/gcc/arm-none-eabi/10.3.1/thumb/v7-m/nofp/crtn.o
                0x08001dbc                . = ALIGN (0x4)
                0x08001dbc                _etext = .

.vfp11_veneer   0x08001dbc        0x0
 .vfp11_veneer  0x08001dbc        0x0 linker stubs

.v4_bx          0x08001dbc        0x0
 .v4_bx         0x08001dbc        0x0 linker stubs

.iplt           0x08001dbc        0x0
 .iplt          0x08001dbc        0x0 c:/vscodeide/software/armembeddedgcc/bin/../lib/gcc/arm-none-eabi/10.3.1/thumb/v7-m/nofp/crtbegin.o

.rodata         0x08001dbc       0x30
                0x08001dbc                . = ALIGN (0x4)
 *(.rodata)
 .rodata        0x08001dbc        0x7 build/AD7793.o
 *(.rodata*)
 *fill*         0x08001dc3        0x1 
 .rodata.aPLLMULFactorTable.1
                0x08001dc4       0x10 build/stm32f1xx_hal_rcc.o
 .rodata.aPredivFactorTable.0
                0x08001dd4        0x2 build/stm32f1xx_hal_rcc.o
 *fill*         0x08001dd6        0x2 
 .rodata.AHBPrescTable
                0x08001dd8       0x10 build/system_stm32f1xx.o
                0x08001dd8                AHBPrescTable
 .rodata.AD7793_Configuration_Register.str1.4
                0x08001de8        0x3 build/AD7793.o
                0x08001dec                . = ALIGN (0x4)
 *fill*         0x08001deb        0x1 

.rel.dyn        0x08001dec        0x0
 .rel.iplt      0x08001dec        0x0 c:/vscodeide/software/armembeddedgcc/bin/../lib/gcc/arm-none-eabi/10.3.1/thumb/v7-m/nofp/crtbegin.o

.ARM.extab
 *(.ARM.extab* .gnu.linkonce.armextab.*)

.ARM            0x08001dec        0x0
                0x08001dec                __exidx_start = .
 *(.ARM.exidx*)
                0x08001dec                __exidx_end = .

.preinit_array  0x08001dec        0x0
                0x08001dec                PROVIDE (__preinit_array_start = .)
 *(.preinit_array*)
                0x08001dec                PROVIDE (__preinit_array_end = .)

.init_array     0x08001dec        0x4
                0x08001dec                PROVIDE (__init_array_start = .)
 *(SORT_BY_NAME(.init_array.*))
 *(.init_array*)
 .init_array    0x08001dec        0x4 c:/vscodeide/software/armembeddedgcc/bin/../lib/gcc/arm-none-eabi/10.3.1/thumb/v7-m/nofp/crtbegin.o
                0x08001df0                PROVIDE (__init_array_end = .)

.fini_array     0x08001df0        0x4
                [!provide]                PROVIDE (__fini_array_start = .)
 *(SORT_BY_NAME(.fini_array.*))
 *(.fini_array*)
 .fini_array    0x08001df0        0x4 c:/vscodeide/software/armembeddedgcc/bin/../lib/gcc/arm-none-eabi/10.3.1/thumb/v7-m/nofp/crtbegin.o
                [!provide]                PROVIDE (__fini_array_end = .)
                0x08001df4                _sidata = LOADADDR (.data)

.data           0x20000000        0xc load address 0x08001df4
                0x20000000                . = ALIGN (0x4)
                0x20000000                _sdata = .
 *(.data)
 *(.data*)
 .data.uwTickFreq
                0x20000000        0x1 build/stm32f1xx_hal.o
                0x20000000                uwTickFreq
 *fill*         0x20000001        0x3 
 .data.uwTickPrio
                0x20000004        0x4 build/stm32f1xx_hal.o
                0x20000004                uwTickPrio
 .data.SystemCoreClock
                0x20000008        0x4 build/system_stm32f1xx.o
                0x20000008                SystemCoreClock
                0x2000000c                . = ALIGN (0x4)
                0x2000000c                _edata = .

.igot.plt       0x2000000c        0x0 load address 0x08001e00
 .igot.plt      0x2000000c        0x0 c:/vscodeide/software/armembeddedgcc/bin/../lib/gcc/arm-none-eabi/10.3.1/thumb/v7-m/nofp/crtbegin.o
                0x2000000c                . = ALIGN (0x4)

.bss            0x2000000c       0x80 load address 0x08001e00
                0x2000000c                _sbss = .
                0x2000000c                __bss_start__ = _sbss
 *(.bss)
 .bss           0x2000000c       0x1c c:/vscodeide/software/armembeddedgcc/bin/../lib/gcc/arm-none-eabi/10.3.1/thumb/v7-m/nofp/crtbegin.o
 *(.bss*)
 .bss.conv      0x20000028        0x4 build/main.o
                0x20000028                conv
 .bss.tempChip  0x2000002c        0x4 build/main.o
                0x2000002c                tempChip
 .bss.uwTick    0x20000030        0x4 build/stm32f1xx_hal.o
                0x20000030                uwTick
 .bss.hspi2     0x20000034       0x58 build/spi.o
                0x20000034                hspi2
 *(COMMON)
                0x2000008c                . = ALIGN (0x4)
                0x2000008c                _ebss = .
                0x2000008c                __bss_end__ = _ebss

._user_heap_stack
                0x2000008c      0x604 load address 0x08001e00
                0x20000090                . = ALIGN (0x8)
 *fill*         0x2000008c        0x4 
                [!provide]                PROVIDE (end = .)
                0x20000090                PROVIDE (_end = .)
                0x20000290                . = (. + _Min_Heap_Size)
 *fill*         0x20000090      0x200 
                0x20000690                . = (. + _Min_Stack_Size)
 *fill*         0x20000290      0x400 
                0x20000690                . = ALIGN (0x8)

/DISCARD/
 libc.a(*)
 libm.a(*)
 libgcc.a(*)

.ARM.attributes
                0x00000000       0x29
 *(.ARM.attributes)
 .ARM.attributes
                0x00000000       0x1d c:/vscodeide/software/armembeddedgcc/bin/../lib/gcc/arm-none-eabi/10.3.1/thumb/v7-m/nofp/crti.o
 .ARM.attributes
                0x0000001d       0x2d c:/vscodeide/software/armembeddedgcc/bin/../lib/gcc/arm-none-eabi/10.3.1/thumb/v7-m/nofp/crtbegin.o
 .ARM.attributes
                0x0000004a       0x2d build/main.o
 .ARM.attributes
                0x00000077       0x2d build/gpio.o
 .ARM.attributes
                0x000000a4       0x2d build/stm32f1xx_it.o
 .ARM.attributes
                0x000000d1       0x2d build/stm32f1xx_hal_msp.o
 .ARM.attributes
                0x000000fe       0x2d build/stm32f1xx_hal.o
 .ARM.attributes
                0x0000012b       0x2d build/stm32f1xx_hal_rcc.o
 .ARM.attributes
                0x00000158       0x2d build/stm32f1xx_hal_gpio.o
 .ARM.attributes
                0x00000185       0x2d build/stm32f1xx_hal_cortex.o
 .ARM.attributes
                0x000001b2       0x2d build/system_stm32f1xx.o
 .ARM.attributes
                0x000001df       0x2d build/spi.o
 .ARM.attributes
                0x0000020c       0x2d build/stm32f1xx_hal_spi.o
 .ARM.attributes
                0x00000239       0x2d build/AD7793.o
 .ARM.attributes
                0x00000266       0x21 build/startup_stm32f103xb.o
 .ARM.attributes
                0x00000287       0x2d c:/vscodeide/software/armembeddedgcc/bin/../lib/gcc/arm-none-eabi/10.3.1/../../../../arm-none-eabi/lib/thumb/v7-m/nofp\libc_nano.a(lib_a-init.o)
 .ARM.attributes
                0x000002b4       0x2d c:/vscodeide/software/armembeddedgcc/bin/../lib/gcc/arm-none-eabi/10.3.1/../../../../arm-none-eabi/lib/thumb/v7-m/nofp\libc_nano.a(lib_a-memset.o)
 .ARM.attributes
                0x000002e1       0x1d c:/vscodeide/software/armembeddedgcc/bin/../lib/gcc/arm-none-eabi/10.3.1/thumb/v7-m/nofp\libgcc.a(_arm_addsubdf3.o)
 .ARM.attributes
                0x000002fe       0x1d c:/vscodeide/software/armembeddedgcc/bin/../lib/gcc/arm-none-eabi/10.3.1/thumb/v7-m/nofp\libgcc.a(_arm_muldivdf3.o)
 .ARM.attributes
                0x0000031b       0x1d c:/vscodeide/software/armembeddedgcc/bin/../lib/gcc/arm-none-eabi/10.3.1/thumb/v7-m/nofp\libgcc.a(_arm_truncdfsf2.o)
 .ARM.attributes
                0x00000338       0x1d c:/vscodeide/software/armembeddedgcc/bin/../lib/gcc/arm-none-eabi/10.3.1/thumb/v7-m/nofp/crtn.o
OUTPUT(build/studyMCU_103.elf elf32-littlearm)
LOAD linker stubs
LOAD c:/vscodeide/software/armembeddedgcc/bin/../lib/gcc/arm-none-eabi/10.3.1/../../../../arm-none-eabi/lib/thumb/v7-m/nofp\libc.a
LOAD c:/vscodeide/software/armembeddedgcc/bin/../lib/gcc/arm-none-eabi/10.3.1/../../../../arm-none-eabi/lib/thumb/v7-m/nofp\libm.a
LOAD c:/vscodeide/software/armembeddedgcc/bin/../lib/gcc/arm-none-eabi/10.3.1/thumb/v7-m/nofp\libgcc.a

.debug_info     0x00000000     0x6b40
 .debug_info    0x00000000      0x511 build/main.o
 .debug_info    0x00000511      0x384 build/gpio.o
 .debug_info    0x00000895      0x15b build/stm32f1xx_it.o
 .debug_info    0x000009f0      0x238 build/stm32f1xx_hal_msp.o
 .debug_info    0x00000c28      0x855 build/stm32f1xx_hal.o
 .debug_info    0x0000147d      0xaf0 build/stm32f1xx_hal_rcc.o
 .debug_info    0x00001f6d      0x6d7 build/stm32f1xx_hal_gpio.o
 .debug_info    0x00002644      0xe2d build/stm32f1xx_hal_cortex.o
 .debug_info    0x00003471      0x26e build/system_stm32f1xx.o
 .debug_info    0x000036df      0x933 build/spi.o
 .debug_info    0x00004012     0x1ee4 build/stm32f1xx_hal_spi.o
 .debug_info    0x00005ef6      0xc28 build/AD7793.o
 .debug_info    0x00006b1e       0x22 build/startup_stm32f103xb.o

.debug_abbrev   0x00000000     0x1630
 .debug_abbrev  0x00000000      0x1b6 build/main.o
 .debug_abbrev  0x000001b6      0x13f build/gpio.o
 .debug_abbrev  0x000002f5       0x81 build/stm32f1xx_it.o
 .debug_abbrev  0x00000376       0xe7 build/stm32f1xx_hal_msp.o
 .debug_abbrev  0x0000045d      0x1f7 build/stm32f1xx_hal.o
 .debug_abbrev  0x00000654      0x2b8 build/stm32f1xx_hal_rcc.o
 .debug_abbrev  0x0000090c      0x222 build/stm32f1xx_hal_gpio.o
 .debug_abbrev  0x00000b2e      0x359 build/stm32f1xx_hal_cortex.o
 .debug_abbrev  0x00000e87      0x140 build/system_stm32f1xx.o
 .debug_abbrev  0x00000fc7      0x1c5 build/spi.o
 .debug_abbrev  0x0000118c      0x292 build/stm32f1xx_hal_spi.o
 .debug_abbrev  0x0000141e      0x200 build/AD7793.o
 .debug_abbrev  0x0000161e       0x12 build/startup_stm32f103xb.o

.debug_loc      0x00000000     0x4250
 .debug_loc     0x00000000       0x66 build/main.o
 .debug_loc     0x00000066       0x38 build/gpio.o
 .debug_loc     0x0000009e       0x20 build/stm32f1xx_it.o
 .debug_loc     0x000000be       0x41 build/stm32f1xx_hal_msp.o
 .debug_loc     0x000000ff      0x1e1 build/stm32f1xx_hal.o
 .debug_loc     0x000002e0      0x790 build/stm32f1xx_hal_rcc.o
 .debug_loc     0x00000a70      0x551 build/stm32f1xx_hal_gpio.o
 .debug_loc     0x00000fc1      0x77f build/stm32f1xx_hal_cortex.o
 .debug_loc     0x00001740       0xff build/system_stm32f1xx.o
 .debug_loc     0x0000183f      0x108 build/spi.o
 .debug_loc     0x00001947     0x255b build/stm32f1xx_hal_spi.o
 .debug_loc     0x00003ea2      0x3ae build/AD7793.o

.debug_aranges  0x00000000      0x5c8
 .debug_aranges
                0x00000000       0x30 build/main.o
 .debug_aranges
                0x00000030       0x20 build/gpio.o
 .debug_aranges
                0x00000050       0x60 build/stm32f1xx_it.o
 .debug_aranges
                0x000000b0       0x20 build/stm32f1xx_hal_msp.o
 .debug_aranges
                0x000000d0       0xe0 build/stm32f1xx_hal.o
 .debug_aranges
                0x000001b0       0x90 build/stm32f1xx_hal_rcc.o
 .debug_aranges
                0x00000240       0x58 build/stm32f1xx_hal_gpio.o
 .debug_aranges
                0x00000298       0x90 build/stm32f1xx_hal_cortex.o
 .debug_aranges
                0x00000328       0x28 build/system_stm32f1xx.o
 .debug_aranges
                0x00000350       0x30 build/spi.o
 .debug_aranges
                0x00000380      0x1d0 build/stm32f1xx_hal_spi.o
 .debug_aranges
                0x00000550       0x50 build/AD7793.o
 .debug_aranges
                0x000005a0       0x28 build/startup_stm32f103xb.o

.debug_ranges   0x00000000      0x580
 .debug_ranges  0x00000000       0x20 build/main.o
 .debug_ranges  0x00000020       0x10 build/gpio.o
 .debug_ranges  0x00000030       0x50 build/stm32f1xx_it.o
 .debug_ranges  0x00000080       0x10 build/stm32f1xx_hal_msp.o
 .debug_ranges  0x00000090       0xd0 build/stm32f1xx_hal.o
 .debug_ranges  0x00000160       0xa0 build/stm32f1xx_hal_rcc.o
 .debug_ranges  0x00000200       0x48 build/stm32f1xx_hal_gpio.o
 .debug_ranges  0x00000248       0xe0 build/stm32f1xx_hal_cortex.o
 .debug_ranges  0x00000328       0x18 build/system_stm32f1xx.o
 .debug_ranges  0x00000340       0x20 build/spi.o
 .debug_ranges  0x00000360      0x1c0 build/stm32f1xx_hal_spi.o
 .debug_ranges  0x00000520       0x40 build/AD7793.o
 .debug_ranges  0x00000560       0x20 build/startup_stm32f103xb.o

.debug_line     0x00000000     0x51b6
 .debug_line    0x00000000      0x328 build/main.o
 .debug_line    0x00000328      0x1c2 build/gpio.o
 .debug_line    0x000004ea      0x179 build/stm32f1xx_it.o
 .debug_line    0x00000663      0x144 build/stm32f1xx_hal_msp.o
 .debug_line    0x000007a7      0x4f6 build/stm32f1xx_hal.o
 .debug_line    0x00000c9d      0xbe6 build/stm32f1xx_hal_rcc.o
 .debug_line    0x00001883      0x5a9 build/stm32f1xx_hal_gpio.o
 .debug_line    0x00001e2c      0x601 build/stm32f1xx_hal_cortex.o
 .debug_line    0x0000242d      0x20e build/system_stm32f1xx.o
 .debug_line    0x0000263b      0x2d6 build/spi.o
 .debug_line    0x00002911     0x2490 build/stm32f1xx_hal_spi.o
 .debug_line    0x00004da1      0x3a1 build/AD7793.o
 .debug_line    0x00005142       0x74 build/startup_stm32f103xb.o

.debug_str      0x00000000     0x1cad
 .debug_str     0x00000000      0x3a8 build/main.o
                                0x3f4 (size before relaxing)
 .debug_str     0x000003a8       0xdb build/gpio.o
                                0x249 (size before relaxing)
 .debug_str     0x00000483       0xb4 build/stm32f1xx_it.o
                                0x1ee (size before relaxing)
 .debug_str     0x00000537       0x57 build/stm32f1xx_hal_msp.o
                                0x1eb (size before relaxing)
 .debug_str     0x0000058e      0x5f1 build/stm32f1xx_hal.o
                                0x7f0 (size before relaxing)
 .debug_str     0x00000b7f      0x20d build/stm32f1xx_hal_rcc.o
                                0x5f7 (size before relaxing)
 .debug_str     0x00000d8c      0x122 build/stm32f1xx_hal_gpio.o
                                0x3cc (size before relaxing)
 .debug_str     0x00000eae      0x3c2 build/stm32f1xx_hal_cortex.o
                                0x89f (size before relaxing)
 .debug_str     0x00001270       0x4f build/system_stm32f1xx.o
                                0x220 (size before relaxing)
 .debug_str     0x000012bf      0x3b2 build/spi.o
                                0x657 (size before relaxing)
 .debug_str     0x00001671      0x55a build/stm32f1xx_hal_spi.o
                                0xb33 (size before relaxing)
 .debug_str     0x00001bcb       0xbe build/AD7793.o
                                0x6c7 (size before relaxing)
 .debug_str     0x00001c89       0x24 build/startup_stm32f103xb.o
                                 0x3f (size before relaxing)

.comment        0x00000000       0x49
 .comment       0x00000000       0x49 build/main.o
                                 0x4a (size before relaxing)
 .comment       0x00000049       0x4a build/gpio.o
 .comment       0x00000049       0x4a build/stm32f1xx_it.o
 .comment       0x00000049       0x4a build/stm32f1xx_hal_msp.o
 .comment       0x00000049       0x4a build/stm32f1xx_hal.o
 .comment       0x00000049       0x4a build/stm32f1xx_hal_rcc.o
 .comment       0x00000049       0x4a build/stm32f1xx_hal_gpio.o
 .comment       0x00000049       0x4a build/stm32f1xx_hal_cortex.o
 .comment       0x00000049       0x4a build/system_stm32f1xx.o
 .comment       0x00000049       0x4a build/spi.o
 .comment       0x00000049       0x4a build/stm32f1xx_hal_spi.o
 .comment       0x00000049       0x4a build/AD7793.o

.debug_frame    0x00000000      0xf48
 .debug_frame   0x00000000       0x58 build/main.o
 .debug_frame   0x00000058       0x34 build/gpio.o
 .debug_frame   0x0000008c       0xa8 build/stm32f1xx_it.o
 .debug_frame   0x00000134       0x28 build/stm32f1xx_hal_msp.o
 .debug_frame   0x0000015c      0x1cc build/stm32f1xx_hal.o
 .debug_frame   0x00000328      0x184 build/stm32f1xx_hal_rcc.o
 .debug_frame   0x000004ac       0xe4 build/stm32f1xx_hal_gpio.o
 .debug_frame   0x00000590      0x118 build/stm32f1xx_hal_cortex.o
 .debug_frame   0x000006a8       0x30 build/system_stm32f1xx.o
 .debug_frame   0x000006d8       0x64 build/spi.o
 .debug_frame   0x0000073c      0x5ac build/stm32f1xx_hal_spi.o
 .debug_frame   0x00000ce8       0xf4 build/AD7793.o
 .debug_frame   0x00000ddc       0x2c c:/vscodeide/software/armembeddedgcc/bin/../lib/gcc/arm-none-eabi/10.3.1/../../../../arm-none-eabi/lib/thumb/v7-m/nofp\libc_nano.a(lib_a-init.o)
 .debug_frame   0x00000e08       0x20 c:/vscodeide/software/armembeddedgcc/bin/../lib/gcc/arm-none-eabi/10.3.1/../../../../arm-none-eabi/lib/thumb/v7-m/nofp\libc_nano.a(lib_a-memset.o)
 .debug_frame   0x00000e28       0xac c:/vscodeide/software/armembeddedgcc/bin/../lib/gcc/arm-none-eabi/10.3.1/thumb/v7-m/nofp\libgcc.a(_arm_addsubdf3.o)
 .debug_frame   0x00000ed4       0x50 c:/vscodeide/software/armembeddedgcc/bin/../lib/gcc/arm-none-eabi/10.3.1/thumb/v7-m/nofp\libgcc.a(_arm_muldivdf3.o)
 .debug_frame   0x00000f24       0x24 c:/vscodeide/software/armembeddedgcc/bin/../lib/gcc/arm-none-eabi/10.3.1/thumb/v7-m/nofp\libgcc.a(_arm_truncdfsf2.o)

Cross Reference Table

Symbol                                            File
AD7793_Configuration_Register                     build/AD7793.o
                                                  build/main.o
AD7793_ContinuousReadAvg                          build/AD7793.o
AD7793_IO_Register                                build/AD7793.o
AD7793_Init                                       build/AD7793.o
                                                  build/main.o
AD7793_Mode_Register                              build/AD7793.o
AD7793_Reset                                      build/AD7793.o
                                                  build/main.o
AD7793_SingleConversion                           build/AD7793.o
                                                  build/main.o
ADC1_2_IRQHandler                                 build/startup_stm32f103xb.o
AHBPrescTable                                     build/system_stm32f1xx.o
                                                  build/stm32f1xx_hal_rcc.o
APBPrescTable                                     build/system_stm32f1xx.o
                                                  build/stm32f1xx_hal_rcc.o
BusFault_Handler                                  build/stm32f1xx_it.o
CAN1_RX1_IRQHandler                               build/startup_stm32f103xb.o
CAN1_SCE_IRQHandler                               build/startup_stm32f103xb.o
DMA1_Channel1_IRQHandler                          build/startup_stm32f103xb.o
DMA1_Channel2_IRQHandler                          build/startup_stm32f103xb.o
DMA1_Channel3_IRQHandler                          build/startup_stm32f103xb.o
DMA1_Channel4_IRQHandler                          build/startup_stm32f103xb.o
DMA1_Channel5_IRQHandler                          build/startup_stm32f103xb.o
DMA1_Channel6_IRQHandler                          build/startup_stm32f103xb.o
DMA1_Channel7_IRQHandler                          build/startup_stm32f103xb.o
DebugMon_Handler                                  build/stm32f1xx_it.o
Default_Handler                                   build/startup_stm32f103xb.o
EXTI0_IRQHandler                                  build/startup_stm32f103xb.o
EXTI15_10_IRQHandler                              build/startup_stm32f103xb.o
EXTI1_IRQHandler                                  build/startup_stm32f103xb.o
EXTI2_IRQHandler                                  build/startup_stm32f103xb.o
EXTI3_IRQHandler                                  build/startup_stm32f103xb.o
EXTI4_IRQHandler                                  build/startup_stm32f103xb.o
EXTI9_5_IRQHandler                                build/startup_stm32f103xb.o
Error_Handler                                     build/main.o
                                                  build/spi.o
FLASH_IRQHandler                                  build/startup_stm32f103xb.o
FLASH_PageErase                                   build/stm32f1xx_hal_flash_ex.o
                                                  build/stm32f1xx_hal_flash.o
FLASH_WaitForLastOperation                        build/stm32f1xx_hal_flash.o
                                                  build/stm32f1xx_hal_flash_ex.o
HAL_DBGMCU_DisableDBGSleepMode                    build/stm32f1xx_hal.o
HAL_DBGMCU_DisableDBGStandbyMode                  build/stm32f1xx_hal.o
HAL_DBGMCU_DisableDBGStopMode                     build/stm32f1xx_hal.o
HAL_DBGMCU_EnableDBGSleepMode                     build/stm32f1xx_hal.o
HAL_DBGMCU_EnableDBGStandbyMode                   build/stm32f1xx_hal.o
HAL_DBGMCU_EnableDBGStopMode                      build/stm32f1xx_hal.o
HAL_DMA_Abort                                     build/stm32f1xx_hal_dma.o
                                                  build/stm32f1xx_hal_spi.o
HAL_DMA_Abort_IT                                  build/stm32f1xx_hal_dma.o
                                                  build/stm32f1xx_hal_spi.o
HAL_DMA_DeInit                                    build/stm32f1xx_hal_dma.o
HAL_DMA_GetError                                  build/stm32f1xx_hal_dma.o
HAL_DMA_GetState                                  build/stm32f1xx_hal_dma.o
HAL_DMA_IRQHandler                                build/stm32f1xx_hal_dma.o
HAL_DMA_Init                                      build/stm32f1xx_hal_dma.o
HAL_DMA_PollForTransfer                           build/stm32f1xx_hal_dma.o
HAL_DMA_RegisterCallback                          build/stm32f1xx_hal_dma.o
HAL_DMA_Start                                     build/stm32f1xx_hal_dma.o
HAL_DMA_Start_IT                                  build/stm32f1xx_hal_dma.o
                                                  build/stm32f1xx_hal_spi.o
HAL_DMA_UnRegisterCallback                        build/stm32f1xx_hal_dma.o
HAL_DeInit                                        build/stm32f1xx_hal.o
HAL_Delay                                         build/stm32f1xx_hal.o
                                                  build/main.o
HAL_EXTI_ClearConfigLine                          build/stm32f1xx_hal_exti.o
HAL_EXTI_ClearPending                             build/stm32f1xx_hal_exti.o
HAL_EXTI_GenerateSWI                              build/stm32f1xx_hal_exti.o
HAL_EXTI_GetConfigLine                            build/stm32f1xx_hal_exti.o
HAL_EXTI_GetHandle                                build/stm32f1xx_hal_exti.o
HAL_EXTI_GetPending                               build/stm32f1xx_hal_exti.o
HAL_EXTI_IRQHandler                               build/stm32f1xx_hal_exti.o
HAL_EXTI_RegisterCallback                         build/stm32f1xx_hal_exti.o
HAL_EXTI_SetConfigLine                            build/stm32f1xx_hal_exti.o
HAL_FLASHEx_Erase                                 build/stm32f1xx_hal_flash_ex.o
HAL_FLASHEx_Erase_IT                              build/stm32f1xx_hal_flash_ex.o
HAL_FLASHEx_OBErase                               build/stm32f1xx_hal_flash_ex.o
HAL_FLASHEx_OBGetConfig                           build/stm32f1xx_hal_flash_ex.o
HAL_FLASHEx_OBGetUserData                         build/stm32f1xx_hal_flash_ex.o
HAL_FLASHEx_OBProgram                             build/stm32f1xx_hal_flash_ex.o
HAL_FLASH_EndOfOperationCallback                  build/stm32f1xx_hal_flash.o
HAL_FLASH_GetError                                build/stm32f1xx_hal_flash.o
HAL_FLASH_IRQHandler                              build/stm32f1xx_hal_flash.o
HAL_FLASH_Lock                                    build/stm32f1xx_hal_flash.o
HAL_FLASH_OB_Launch                               build/stm32f1xx_hal_flash.o
HAL_FLASH_OB_Lock                                 build/stm32f1xx_hal_flash.o
HAL_FLASH_OB_Unlock                               build/stm32f1xx_hal_flash.o
HAL_FLASH_OperationErrorCallback                  build/stm32f1xx_hal_flash.o
HAL_FLASH_Program                                 build/stm32f1xx_hal_flash.o
HAL_FLASH_Program_IT                              build/stm32f1xx_hal_flash.o
HAL_FLASH_Unlock                                  build/stm32f1xx_hal_flash.o
HAL_GPIOEx_ConfigEventout                         build/stm32f1xx_hal_gpio_ex.o
HAL_GPIOEx_DisableEventout                        build/stm32f1xx_hal_gpio_ex.o
HAL_GPIOEx_EnableEventout                         build/stm32f1xx_hal_gpio_ex.o
HAL_GPIO_DeInit                                   build/stm32f1xx_hal_gpio.o
                                                  build/spi.o
HAL_GPIO_EXTI_Callback                            build/stm32f1xx_hal_gpio.o
HAL_GPIO_EXTI_IRQHandler                          build/stm32f1xx_hal_gpio.o
HAL_GPIO_Init                                     build/stm32f1xx_hal_gpio.o
                                                  build/spi.o
                                                  build/stm32f1xx_hal_rcc.o
                                                  build/gpio.o
HAL_GPIO_LockPin                                  build/stm32f1xx_hal_gpio.o
HAL_GPIO_ReadPin                                  build/stm32f1xx_hal_gpio.o
HAL_GPIO_TogglePin                                build/stm32f1xx_hal_gpio.o
HAL_GPIO_WritePin                                 build/stm32f1xx_hal_gpio.o
                                                  build/AD7793.o
                                                  build/gpio.o
HAL_GetDEVID                                      build/stm32f1xx_hal.o
HAL_GetHalVersion                                 build/stm32f1xx_hal.o
HAL_GetREVID                                      build/stm32f1xx_hal.o
HAL_GetTick                                       build/stm32f1xx_hal.o
                                                  build/stm32f1xx_hal_spi.o
                                                  build/stm32f1xx_hal_flash.o
                                                  build/stm32f1xx_hal_dma.o
                                                  build/stm32f1xx_hal_rcc_ex.o
                                                  build/stm32f1xx_hal_rcc.o
HAL_GetTickFreq                                   build/stm32f1xx_hal.o
HAL_GetTickPrio                                   build/stm32f1xx_hal.o
HAL_GetUIDw0                                      build/stm32f1xx_hal.o
HAL_GetUIDw1                                      build/stm32f1xx_hal.o
HAL_GetUIDw2                                      build/stm32f1xx_hal.o
HAL_IncTick                                       build/stm32f1xx_hal.o
                                                  build/stm32f1xx_it.o
HAL_Init                                          build/stm32f1xx_hal.o
                                                  build/main.o
HAL_InitTick                                      build/stm32f1xx_hal.o
                                                  build/stm32f1xx_hal_rcc.o
HAL_MspDeInit                                     build/stm32f1xx_hal.o
HAL_MspInit                                       build/stm32f1xx_hal_msp.o
HAL_NVIC_ClearPendingIRQ                          build/stm32f1xx_hal_cortex.o
HAL_NVIC_DisableIRQ                               build/stm32f1xx_hal_cortex.o
HAL_NVIC_EnableIRQ                                build/stm32f1xx_hal_cortex.o
HAL_NVIC_GetActive                                build/stm32f1xx_hal_cortex.o
HAL_NVIC_GetPendingIRQ                            build/stm32f1xx_hal_cortex.o
HAL_NVIC_GetPriority                              build/stm32f1xx_hal_cortex.o
HAL_NVIC_GetPriorityGrouping                      build/stm32f1xx_hal_cortex.o
HAL_NVIC_SetPendingIRQ                            build/stm32f1xx_hal_cortex.o
HAL_NVIC_SetPriority                              build/stm32f1xx_hal_cortex.o
                                                  build/stm32f1xx_hal.o
HAL_NVIC_SetPriorityGrouping                      build/stm32f1xx_hal_cortex.o
                                                  build/stm32f1xx_hal.o
HAL_NVIC_SystemReset                              build/stm32f1xx_hal_cortex.o
                                                  build/stm32f1xx_hal_flash.o
HAL_PWR_ConfigPVD                                 build/stm32f1xx_hal_pwr.o
HAL_PWR_DeInit                                    build/stm32f1xx_hal_pwr.o
HAL_PWR_DisableBkUpAccess                         build/stm32f1xx_hal_pwr.o
HAL_PWR_DisablePVD                                build/stm32f1xx_hal_pwr.o
HAL_PWR_DisableSEVOnPend                          build/stm32f1xx_hal_pwr.o
HAL_PWR_DisableSleepOnExit                        build/stm32f1xx_hal_pwr.o
HAL_PWR_DisableWakeUpPin                          build/stm32f1xx_hal_pwr.o
HAL_PWR_EnableBkUpAccess                          build/stm32f1xx_hal_pwr.o
HAL_PWR_EnablePVD                                 build/stm32f1xx_hal_pwr.o
HAL_PWR_EnableSEVOnPend                           build/stm32f1xx_hal_pwr.o
HAL_PWR_EnableSleepOnExit                         build/stm32f1xx_hal_pwr.o
HAL_PWR_EnableWakeUpPin                           build/stm32f1xx_hal_pwr.o
HAL_PWR_EnterSLEEPMode                            build/stm32f1xx_hal_pwr.o
HAL_PWR_EnterSTANDBYMode                          build/stm32f1xx_hal_pwr.o
HAL_PWR_EnterSTOPMode                             build/stm32f1xx_hal_pwr.o
HAL_PWR_PVDCallback                               build/stm32f1xx_hal_pwr.o
HAL_PWR_PVD_IRQHandler                            build/stm32f1xx_hal_pwr.o
HAL_RCCEx_GetPeriphCLKConfig                      build/stm32f1xx_hal_rcc_ex.o
HAL_RCCEx_GetPeriphCLKFreq                        build/stm32f1xx_hal_rcc_ex.o
HAL_RCCEx_PeriphCLKConfig                         build/stm32f1xx_hal_rcc_ex.o
HAL_RCC_CSSCallback                               build/stm32f1xx_hal_rcc.o
HAL_RCC_ClockConfig                               build/stm32f1xx_hal_rcc.o
                                                  build/main.o
HAL_RCC_DeInit                                    build/stm32f1xx_hal_rcc.o
HAL_RCC_DisableCSS                                build/stm32f1xx_hal_rcc.o
HAL_RCC_EnableCSS                                 build/stm32f1xx_hal_rcc.o
HAL_RCC_GetClockConfig                            build/stm32f1xx_hal_rcc.o
HAL_RCC_GetHCLKFreq                               build/stm32f1xx_hal_rcc.o
HAL_RCC_GetOscConfig                              build/stm32f1xx_hal_rcc.o
HAL_RCC_GetPCLK1Freq                              build/stm32f1xx_hal_rcc.o
HAL_RCC_GetPCLK2Freq                              build/stm32f1xx_hal_rcc.o
                                                  build/stm32f1xx_hal_rcc_ex.o
HAL_RCC_GetSysClockFreq                           build/stm32f1xx_hal_rcc.o
HAL_RCC_MCOConfig                                 build/stm32f1xx_hal_rcc.o
HAL_RCC_NMI_IRQHandler                            build/stm32f1xx_hal_rcc.o
HAL_RCC_OscConfig                                 build/stm32f1xx_hal_rcc.o
                                                  build/main.o
HAL_ResumeTick                                    build/stm32f1xx_hal.o
HAL_SPI_Abort                                     build/stm32f1xx_hal_spi.o
HAL_SPI_AbortCpltCallback                         build/stm32f1xx_hal_spi.o
HAL_SPI_Abort_IT                                  build/stm32f1xx_hal_spi.o
HAL_SPI_DMAPause                                  build/stm32f1xx_hal_spi.o
HAL_SPI_DMAResume                                 build/stm32f1xx_hal_spi.o
HAL_SPI_DMAStop                                   build/stm32f1xx_hal_spi.o
HAL_SPI_DeInit                                    build/stm32f1xx_hal_spi.o
HAL_SPI_ErrorCallback                             build/stm32f1xx_hal_spi.o
HAL_SPI_GetError                                  build/stm32f1xx_hal_spi.o
HAL_SPI_GetState                                  build/stm32f1xx_hal_spi.o
HAL_SPI_IRQHandler                                build/stm32f1xx_hal_spi.o
HAL_SPI_Init                                      build/stm32f1xx_hal_spi.o
                                                  build/spi.o
HAL_SPI_MspDeInit                                 build/spi.o
HAL_SPI_MspInit                                   build/spi.o
HAL_SPI_Receive                                   build/stm32f1xx_hal_spi.o
HAL_SPI_Receive_DMA                               build/stm32f1xx_hal_spi.o
HAL_SPI_Receive_IT                                build/stm32f1xx_hal_spi.o
HAL_SPI_RxCpltCallback                            build/stm32f1xx_hal_spi.o
HAL_SPI_RxHalfCpltCallback                        build/stm32f1xx_hal_spi.o
HAL_SPI_Transmit                                  build/stm32f1xx_hal_spi.o
                                                  build/AD7793.o
HAL_SPI_TransmitReceive                           build/stm32f1xx_hal_spi.o
                                                  build/AD7793.o
HAL_SPI_TransmitReceive_DMA                       build/stm32f1xx_hal_spi.o
HAL_SPI_TransmitReceive_IT                        build/stm32f1xx_hal_spi.o
HAL_SPI_Transmit_DMA                              build/stm32f1xx_hal_spi.o
HAL_SPI_Transmit_IT                               build/stm32f1xx_hal_spi.o
HAL_SPI_TxCpltCallback                            build/stm32f1xx_hal_spi.o
HAL_SPI_TxHalfCpltCallback                        build/stm32f1xx_hal_spi.o
HAL_SPI_TxRxCpltCallback                          build/stm32f1xx_hal_spi.o
HAL_SPI_TxRxHalfCpltCallback                      build/stm32f1xx_hal_spi.o
HAL_SYSTICK_CLKSourceConfig                       build/stm32f1xx_hal_cortex.o
HAL_SYSTICK_Callback                              build/stm32f1xx_hal_cortex.o
HAL_SYSTICK_Config                                build/stm32f1xx_hal_cortex.o
                                                  build/stm32f1xx_hal.o
HAL_SYSTICK_IRQHandler                            build/stm32f1xx_hal_cortex.o
HAL_SetTickFreq                                   build/stm32f1xx_hal.o
HAL_SuspendTick                                   build/stm32f1xx_hal.o
HardFault_Handler                                 build/stm32f1xx_it.o
I2C1_ER_IRQHandler                                build/startup_stm32f103xb.o
I2C1_EV_IRQHandler                                build/startup_stm32f103xb.o
I2C2_ER_IRQHandler                                build/startup_stm32f103xb.o
I2C2_EV_IRQHandler                                build/startup_stm32f103xb.o
MX_GPIO_Init                                      build/gpio.o
                                                  build/main.o
MX_SPI2_Init                                      build/spi.o
                                                  build/main.o
MemManage_Handler                                 build/stm32f1xx_it.o
NMI_Handler                                       build/stm32f1xx_it.o
PVD_IRQHandler                                    build/startup_stm32f103xb.o
PendSV_Handler                                    build/stm32f1xx_it.o
RCC_IRQHandler                                    build/startup_stm32f103xb.o
RTC_Alarm_IRQHandler                              build/startup_stm32f103xb.o
RTC_IRQHandler                                    build/startup_stm32f103xb.o
Reset_Handler                                     build/startup_stm32f103xb.o
SPI1_IRQHandler                                   build/startup_stm32f103xb.o
SPI2_IRQHandler                                   build/startup_stm32f103xb.o
SVC_Handler                                       build/stm32f1xx_it.o
SysTick_Handler                                   build/stm32f1xx_it.o
SystemClock_Config                                build/main.o
SystemCoreClock                                   build/system_stm32f1xx.o
                                                  build/stm32f1xx_hal_spi.o
                                                  build/stm32f1xx_hal_rcc.o
                                                  build/stm32f1xx_hal.o
SystemCoreClockUpdate                             build/system_stm32f1xx.o
SystemInit                                        build/system_stm32f1xx.o
                                                  build/startup_stm32f103xb.o
TAMPER_IRQHandler                                 build/startup_stm32f103xb.o
TIM1_BRK_IRQHandler                               build/startup_stm32f103xb.o
TIM1_CC_IRQHandler                                build/startup_stm32f103xb.o
TIM1_TRG_COM_IRQHandler                           build/startup_stm32f103xb.o
TIM1_UP_IRQHandler                                build/startup_stm32f103xb.o
TIM2_IRQHandler                                   build/startup_stm32f103xb.o
TIM3_IRQHandler                                   build/startup_stm32f103xb.o
TIM4_IRQHandler                                   build/startup_stm32f103xb.o
USART1_IRQHandler                                 build/startup_stm32f103xb.o
USART2_IRQHandler                                 build/startup_stm32f103xb.o
USART3_IRQHandler                                 build/startup_stm32f103xb.o
USBWakeUp_IRQHandler                              build/startup_stm32f103xb.o
USB_HP_CAN1_TX_IRQHandler                         build/startup_stm32f103xb.o
USB_LP_CAN1_RX0_IRQHandler                        build/startup_stm32f103xb.o
UsageFault_Handler                                build/stm32f1xx_it.o
WWDG_IRQHandler                                   build/startup_stm32f103xb.o
_Min_Stack_Size                                   build/sysmem.o
__adddf3                                          c:/vscodeide/software/armembeddedgcc/bin/../lib/gcc/arm-none-eabi/10.3.1/thumb/v7-m/nofp\libgcc.a(_arm_addsubdf3.o)
__aeabi_d2f                                       c:/vscodeide/software/armembeddedgcc/bin/../lib/gcc/arm-none-eabi/10.3.1/thumb/v7-m/nofp\libgcc.a(_arm_truncdfsf2.o)
                                                  build/main.o
__aeabi_dadd                                      c:/vscodeide/software/armembeddedgcc/bin/../lib/gcc/arm-none-eabi/10.3.1/thumb/v7-m/nofp\libgcc.a(_arm_addsubdf3.o)
__aeabi_ddiv                                      c:/vscodeide/software/armembeddedgcc/bin/../lib/gcc/arm-none-eabi/10.3.1/thumb/v7-m/nofp\libgcc.a(_arm_muldivdf3.o)
                                                  build/main.o
__aeabi_dmul                                      c:/vscodeide/software/armembeddedgcc/bin/../lib/gcc/arm-none-eabi/10.3.1/thumb/v7-m/nofp\libgcc.a(_arm_muldivdf3.o)
                                                  c:/vscodeide/software/armembeddedgcc/bin/../lib/gcc/arm-none-eabi/10.3.1/thumb/v7-m/nofp\libgcc.a(_arm_muldf3.o)
                                                  build/main.o
__aeabi_drsub                                     c:/vscodeide/software/armembeddedgcc/bin/../lib/gcc/arm-none-eabi/10.3.1/thumb/v7-m/nofp\libgcc.a(_arm_addsubdf3.o)
__aeabi_dsub                                      c:/vscodeide/software/armembeddedgcc/bin/../lib/gcc/arm-none-eabi/10.3.1/thumb/v7-m/nofp\libgcc.a(_arm_addsubdf3.o)
                                                  build/main.o
__aeabi_f2d                                       c:/vscodeide/software/armembeddedgcc/bin/../lib/gcc/arm-none-eabi/10.3.1/thumb/v7-m/nofp\libgcc.a(_arm_addsubdf3.o)
__aeabi_i2d                                       c:/vscodeide/software/armembeddedgcc/bin/../lib/gcc/arm-none-eabi/10.3.1/thumb/v7-m/nofp\libgcc.a(_arm_addsubdf3.o)
__aeabi_l2d                                       c:/vscodeide/software/armembeddedgcc/bin/../lib/gcc/arm-none-eabi/10.3.1/thumb/v7-m/nofp\libgcc.a(_arm_addsubdf3.o)
__aeabi_ui2d                                      c:/vscodeide/software/armembeddedgcc/bin/../lib/gcc/arm-none-eabi/10.3.1/thumb/v7-m/nofp\libgcc.a(_arm_addsubdf3.o)
                                                  build/main.o
__aeabi_ul2d                                      c:/vscodeide/software/armembeddedgcc/bin/../lib/gcc/arm-none-eabi/10.3.1/thumb/v7-m/nofp\libgcc.a(_arm_addsubdf3.o)
__bss_end__                                       c:/vscodeide/software/armembeddedgcc/bin/../lib/gcc/arm-none-eabi/10.3.1/../../../../arm-none-eabi/lib/thumb/v7-m/nofp/crt0.o
__bss_start__                                     c:/vscodeide/software/armembeddedgcc/bin/../lib/gcc/arm-none-eabi/10.3.1/../../../../arm-none-eabi/lib/thumb/v7-m/nofp/crt0.o
__call_exitprocs                                  c:/vscodeide/software/armembeddedgcc/bin/../lib/gcc/arm-none-eabi/10.3.1/../../../../arm-none-eabi/lib/thumb/v7-m/nofp\libc_nano.a(lib_a-exit.o)
__deregister_frame_info                           c:/vscodeide/software/armembeddedgcc/bin/../lib/gcc/arm-none-eabi/10.3.1/thumb/v7-m/nofp/crtbegin.o
__divdf3                                          c:/vscodeide/software/armembeddedgcc/bin/../lib/gcc/arm-none-eabi/10.3.1/thumb/v7-m/nofp\libgcc.a(_arm_muldivdf3.o)
__dso_handle                                      c:/vscodeide/software/armembeddedgcc/bin/../lib/gcc/arm-none-eabi/10.3.1/thumb/v7-m/nofp/crtbegin.o
__env                                             build/syscalls.o
__errno                                           c:/vscodeide/software/armembeddedgcc/bin/../lib/gcc/arm-none-eabi/10.3.1/../../../../arm-none-eabi/lib/thumb/v7-m/nofp\libc_nano.a(lib_a-errno.o)
                                                  build/syscalls.o
                                                  build/sysmem.o
__extendsfdf2                                     c:/vscodeide/software/armembeddedgcc/bin/../lib/gcc/arm-none-eabi/10.3.1/thumb/v7-m/nofp\libgcc.a(_arm_addsubdf3.o)
__floatdidf                                       c:/vscodeide/software/armembeddedgcc/bin/../lib/gcc/arm-none-eabi/10.3.1/thumb/v7-m/nofp\libgcc.a(_arm_addsubdf3.o)
__floatsidf                                       c:/vscodeide/software/armembeddedgcc/bin/../lib/gcc/arm-none-eabi/10.3.1/thumb/v7-m/nofp\libgcc.a(_arm_addsubdf3.o)
__floatundidf                                     c:/vscodeide/software/armembeddedgcc/bin/../lib/gcc/arm-none-eabi/10.3.1/thumb/v7-m/nofp\libgcc.a(_arm_addsubdf3.o)
__floatunsidf                                     c:/vscodeide/software/armembeddedgcc/bin/../lib/gcc/arm-none-eabi/10.3.1/thumb/v7-m/nofp\libgcc.a(_arm_addsubdf3.o)
__init_array_end                                  c:/vscodeide/software/armembeddedgcc/bin/../lib/gcc/arm-none-eabi/10.3.1/../../../../arm-none-eabi/lib/thumb/v7-m/nofp\libc_nano.a(lib_a-init.o)
__init_array_start                                c:/vscodeide/software/armembeddedgcc/bin/../lib/gcc/arm-none-eabi/10.3.1/../../../../arm-none-eabi/lib/thumb/v7-m/nofp\libc_nano.a(lib_a-init.o)
__io_getchar                                      build/syscalls.o
__io_putchar                                      build/syscalls.o
__libc_fini_array                                 c:/vscodeide/software/armembeddedgcc/bin/../lib/gcc/arm-none-eabi/10.3.1/../../../../arm-none-eabi/lib/thumb/v7-m/nofp/crt0.o
__libc_init_array                                 c:/vscodeide/software/armembeddedgcc/bin/../lib/gcc/arm-none-eabi/10.3.1/../../../../arm-none-eabi/lib/thumb/v7-m/nofp\libc_nano.a(lib_a-init.o)
                                                  build/startup_stm32f103xb.o
                                                  c:/vscodeide/software/armembeddedgcc/bin/../lib/gcc/arm-none-eabi/10.3.1/../../../../arm-none-eabi/lib/thumb/v7-m/nofp/crt0.o
__muldf3                                          c:/vscodeide/software/armembeddedgcc/bin/../lib/gcc/arm-none-eabi/10.3.1/thumb/v7-m/nofp\libgcc.a(_arm_muldivdf3.o)
                                                  c:/vscodeide/software/armembeddedgcc/bin/../lib/gcc/arm-none-eabi/10.3.1/thumb/v7-m/nofp\libgcc.a(_arm_muldf3.o)
__preinit_array_end                               c:/vscodeide/software/armembeddedgcc/bin/../lib/gcc/arm-none-eabi/10.3.1/../../../../arm-none-eabi/lib/thumb/v7-m/nofp\libc_nano.a(lib_a-init.o)
__preinit_array_start                             c:/vscodeide/software/armembeddedgcc/bin/../lib/gcc/arm-none-eabi/10.3.1/../../../../arm-none-eabi/lib/thumb/v7-m/nofp\libc_nano.a(lib_a-init.o)
__register_frame_info                             c:/vscodeide/software/armembeddedgcc/bin/../lib/gcc/arm-none-eabi/10.3.1/thumb/v7-m/nofp/crtbegin.o
__sf_fake_stderr                                  c:/vscodeide/software/armembeddedgcc/bin/../lib/gcc/arm-none-eabi/10.3.1/../../../../arm-none-eabi/lib/thumb/v7-m/nofp\libc_nano.a(lib_a-impure.o)
__sf_fake_stdin                                   c:/vscodeide/software/armembeddedgcc/bin/../lib/gcc/arm-none-eabi/10.3.1/../../../../arm-none-eabi/lib/thumb/v7-m/nofp\libc_nano.a(lib_a-impure.o)
__sf_fake_stdout                                  c:/vscodeide/software/armembeddedgcc/bin/../lib/gcc/arm-none-eabi/10.3.1/../../../../arm-none-eabi/lib/thumb/v7-m/nofp\libc_nano.a(lib_a-impure.o)
__stack                                           c:/vscodeide/software/armembeddedgcc/bin/../lib/gcc/arm-none-eabi/10.3.1/../../../../arm-none-eabi/lib/thumb/v7-m/nofp/crt0.o
__subdf3                                          c:/vscodeide/software/armembeddedgcc/bin/../lib/gcc/arm-none-eabi/10.3.1/thumb/v7-m/nofp\libgcc.a(_arm_addsubdf3.o)
__truncdfsf2                                      c:/vscodeide/software/armembeddedgcc/bin/../lib/gcc/arm-none-eabi/10.3.1/thumb/v7-m/nofp\libgcc.a(_arm_truncdfsf2.o)
_close                                            build/syscalls.o
_ebss                                             build/startup_stm32f103xb.o
_edata                                            build/startup_stm32f103xb.o
_end                                              build/sysmem.o
_estack                                           build/startup_stm32f103xb.o
                                                  build/sysmem.o
_execve                                           build/syscalls.o
_exit                                             build/syscalls.o
                                                  c:/vscodeide/software/armembeddedgcc/bin/../lib/gcc/arm-none-eabi/10.3.1/../../../../arm-none-eabi/lib/thumb/v7-m/nofp\libc_nano.a(lib_a-exit.o)
_fini                                             c:/vscodeide/software/armembeddedgcc/bin/../lib/gcc/arm-none-eabi/10.3.1/thumb/v7-m/nofp/crti.o
_fork                                             build/syscalls.o
_fstat                                            build/syscalls.o
_getpid                                           build/syscalls.o
_global_impure_ptr                                c:/vscodeide/software/armembeddedgcc/bin/../lib/gcc/arm-none-eabi/10.3.1/../../../../arm-none-eabi/lib/thumb/v7-m/nofp\libc_nano.a(lib_a-impure.o)
                                                  c:/vscodeide/software/armembeddedgcc/bin/../lib/gcc/arm-none-eabi/10.3.1/../../../../arm-none-eabi/lib/thumb/v7-m/nofp\libc_nano.a(lib_a-exit.o)
_impure_ptr                                       c:/vscodeide/software/armembeddedgcc/bin/../lib/gcc/arm-none-eabi/10.3.1/../../../../arm-none-eabi/lib/thumb/v7-m/nofp\libc_nano.a(lib_a-impure.o)
                                                  c:/vscodeide/software/armembeddedgcc/bin/../lib/gcc/arm-none-eabi/10.3.1/../../../../arm-none-eabi/lib/thumb/v7-m/nofp\libc_nano.a(lib_a-errno.o)
_init                                             c:/vscodeide/software/armembeddedgcc/bin/../lib/gcc/arm-none-eabi/10.3.1/thumb/v7-m/nofp/crti.o
                                                  c:/vscodeide/software/armembeddedgcc/bin/../lib/gcc/arm-none-eabi/10.3.1/../../../../arm-none-eabi/lib/thumb/v7-m/nofp\libc_nano.a(lib_a-init.o)
_isatty                                           build/syscalls.o
_kill                                             build/syscalls.o
_link                                             build/syscalls.o
_lseek                                            build/syscalls.o
_mainCRTStartup                                   c:/vscodeide/software/armembeddedgcc/bin/../lib/gcc/arm-none-eabi/10.3.1/../../../../arm-none-eabi/lib/thumb/v7-m/nofp/crt0.o
_open                                             build/syscalls.o
_read                                             build/syscalls.o
_sbrk                                             build/sysmem.o
_sbss                                             build/startup_stm32f103xb.o
_sdata                                            build/startup_stm32f103xb.o
_sidata                                           build/startup_stm32f103xb.o
_stack_init                                       c:/vscodeide/software/armembeddedgcc/bin/../lib/gcc/arm-none-eabi/10.3.1/../../../../arm-none-eabi/lib/thumb/v7-m/nofp/crt0.o
_start                                            c:/vscodeide/software/armembeddedgcc/bin/../lib/gcc/arm-none-eabi/10.3.1/../../../../arm-none-eabi/lib/thumb/v7-m/nofp/crt0.o
_stat                                             build/syscalls.o
_times                                            build/syscalls.o
_unlink                                           build/syscalls.o
_wait                                             build/syscalls.o
_write                                            build/syscalls.o
atexit                                            c:/vscodeide/software/armembeddedgcc/bin/../lib/gcc/arm-none-eabi/10.3.1/../../../../arm-none-eabi/lib/thumb/v7-m/nofp/crt0.o
conv                                              build/main.o
dataTo                                            build/main.o
environ                                           build/syscalls.o
exit                                              c:/vscodeide/software/armembeddedgcc/bin/../lib/gcc/arm-none-eabi/10.3.1/../../../../arm-none-eabi/lib/thumb/v7-m/nofp\libc_nano.a(lib_a-exit.o)
                                                  c:/vscodeide/software/armembeddedgcc/bin/../lib/gcc/arm-none-eabi/10.3.1/../../../../arm-none-eabi/lib/thumb/v7-m/nofp/crt0.o
g_pfnVectors                                      build/startup_stm32f103xb.o
hardware_init_hook                                c:/vscodeide/software/armembeddedgcc/bin/../lib/gcc/arm-none-eabi/10.3.1/../../../../arm-none-eabi/lib/thumb/v7-m/nofp/crt0.o
hspi2                                             build/spi.o
                                                  build/AD7793.o
initialise_monitor_handles                        build/syscalls.o
main                                              build/main.o
                                                  build/startup_stm32f103xb.o
                                                  c:/vscodeide/software/armembeddedgcc/bin/../lib/gcc/arm-none-eabi/10.3.1/../../../../arm-none-eabi/lib/thumb/v7-m/nofp/crt0.o
memset                                            c:/vscodeide/software/armembeddedgcc/bin/../lib/gcc/arm-none-eabi/10.3.1/../../../../arm-none-eabi/lib/thumb/v7-m/nofp\libc_nano.a(lib_a-memset.o)
                                                  build/main.o
                                                  c:/vscodeide/software/armembeddedgcc/bin/../lib/gcc/arm-none-eabi/10.3.1/../../../../arm-none-eabi/lib/thumb/v7-m/nofp/crt0.o
pFlash                                            build/stm32f1xx_hal_flash.o
                                                  build/stm32f1xx_hal_flash_ex.o
software_init_hook                                c:/vscodeide/software/armembeddedgcc/bin/../lib/gcc/arm-none-eabi/10.3.1/../../../../arm-none-eabi/lib/thumb/v7-m/nofp/crt0.o
temp                                              build/main.o
tempChip                                          build/main.o
uwTick                                            build/stm32f1xx_hal.o
uwTickFreq                                        build/stm32f1xx_hal.o
uwTickPrio                                        build/stm32f1xx_hal.o
                                                  build/stm32f1xx_hal_rcc.o
