Archive member included to satisfy reference by file (symbol)

c:/vscodeide/software/armembeddedgcc/bin/../lib/gcc/arm-none-eabi/10.3.1/../../../../arm-none-eabi/lib/thumb/v7-m/nofp\libc_nano.a(lib_a-errno.o)
                              build/sysmem.o (__errno)
c:/vscodeide/software/armembeddedgcc/bin/../lib/gcc/arm-none-eabi/10.3.1/../../../../arm-none-eabi/lib/thumb/v7-m/nofp\libc_nano.a(lib_a-exit.o)
                              c:/vscodeide/software/armembeddedgcc/bin/../lib/gcc/arm-none-eabi/10.3.1/../../../../arm-none-eabi/lib/thumb/v7-m/nofp/crt0.o (exit)
c:/vscodeide/software/armembeddedgcc/bin/../lib/gcc/arm-none-eabi/10.3.1/../../../../arm-none-eabi/lib/thumb/v7-m/nofp\libc_nano.a(lib_a-impure.o)
                              c:/vscodeide/software/armembeddedgcc/bin/../lib/gcc/arm-none-eabi/10.3.1/../../../../arm-none-eabi/lib/thumb/v7-m/nofp\libc_nano.a(lib_a-exit.o) (_global_impure_ptr)
c:/vscodeide/software/armembeddedgcc/bin/../lib/gcc/arm-none-eabi/10.3.1/../../../../arm-none-eabi/lib/thumb/v7-m/nofp\libc_nano.a(lib_a-init.o)
                              c:/vscodeide/software/armembeddedgcc/bin/../lib/gcc/arm-none-eabi/10.3.1/../../../../arm-none-eabi/lib/thumb/v7-m/nofp/crt0.o (__libc_init_array)
c:/vscodeide/software/armembeddedgcc/bin/../lib/gcc/arm-none-eabi/10.3.1/../../../../arm-none-eabi/lib/thumb/v7-m/nofp\libc_nano.a(lib_a-memcpy-stub.o)
                              build/mbfuncother.o (memcpy)
c:/vscodeide/software/armembeddedgcc/bin/../lib/gcc/arm-none-eabi/10.3.1/../../../../arm-none-eabi/lib/thumb/v7-m/nofp\libc_nano.a(lib_a-memset.o)
                              c:/vscodeide/software/armembeddedgcc/bin/../lib/gcc/arm-none-eabi/10.3.1/../../../../arm-none-eabi/lib/thumb/v7-m/nofp/crt0.o (memset)
c:/vscodeide/software/armembeddedgcc/bin/../lib/gcc/arm-none-eabi/10.3.1/../../../../arm-none-eabi/lib/thumb/v7-m/nofp\libm.a(lib_a-w_sqrt.o)
                              build/main.o (sqrt)
c:/vscodeide/software/armembeddedgcc/bin/../lib/gcc/arm-none-eabi/10.3.1/../../../../arm-none-eabi/lib/thumb/v7-m/nofp\libm.a(lib_a-e_sqrt.o)
                              c:/vscodeide/software/armembeddedgcc/bin/../lib/gcc/arm-none-eabi/10.3.1/../../../../arm-none-eabi/lib/thumb/v7-m/nofp\libm.a(lib_a-w_sqrt.o) (__ieee754_sqrt)
c:/vscodeide/software/armembeddedgcc/bin/../lib/gcc/arm-none-eabi/10.3.1/thumb/v7-m/nofp\libgcc.a(_arm_muldf3.o)
                              build/main.o (__aeabi_dmul)
c:/vscodeide/software/armembeddedgcc/bin/../lib/gcc/arm-none-eabi/10.3.1/thumb/v7-m/nofp\libgcc.a(_arm_addsubdf3.o)
                              build/main.o (__aeabi_dsub)
c:/vscodeide/software/armembeddedgcc/bin/../lib/gcc/arm-none-eabi/10.3.1/thumb/v7-m/nofp\libgcc.a(_arm_muldivdf3.o)
                              build/main.o (__aeabi_ddiv)
c:/vscodeide/software/armembeddedgcc/bin/../lib/gcc/arm-none-eabi/10.3.1/thumb/v7-m/nofp\libgcc.a(_arm_cmpdf2.o)
                              c:/vscodeide/software/armembeddedgcc/bin/../lib/gcc/arm-none-eabi/10.3.1/../../../../arm-none-eabi/lib/thumb/v7-m/nofp\libm.a(lib_a-w_sqrt.o) (__aeabi_dcmplt)
c:/vscodeide/software/armembeddedgcc/bin/../lib/gcc/arm-none-eabi/10.3.1/thumb/v7-m/nofp\libgcc.a(_arm_unorddf2.o)
                              c:/vscodeide/software/armembeddedgcc/bin/../lib/gcc/arm-none-eabi/10.3.1/../../../../arm-none-eabi/lib/thumb/v7-m/nofp\libm.a(lib_a-w_sqrt.o) (__aeabi_dcmpun)
c:/vscodeide/software/armembeddedgcc/bin/../lib/gcc/arm-none-eabi/10.3.1/thumb/v7-m/nofp\libgcc.a(_arm_truncdfsf2.o)
                              build/main.o (__aeabi_d2f)
c:/vscodeide/software/armembeddedgcc/bin/../lib/gcc/arm-none-eabi/10.3.1/thumb/v7-m/nofp\libgcc.a(_arm_muldivsf3.o)
                              build/main.o (__aeabi_fdiv)

Discarded input sections

 .text          0x00000000        0x0 c:/vscodeide/software/armembeddedgcc/bin/../lib/gcc/arm-none-eabi/10.3.1/thumb/v7-m/nofp/crti.o
 .data          0x00000000        0x0 c:/vscodeide/software/armembeddedgcc/bin/../lib/gcc/arm-none-eabi/10.3.1/thumb/v7-m/nofp/crti.o
 .bss           0x00000000        0x0 c:/vscodeide/software/armembeddedgcc/bin/../lib/gcc/arm-none-eabi/10.3.1/thumb/v7-m/nofp/crti.o
 .data          0x00000000        0x4 c:/vscodeide/software/armembeddedgcc/bin/../lib/gcc/arm-none-eabi/10.3.1/thumb/v7-m/nofp/crtbegin.o
 .rodata        0x00000000       0x24 c:/vscodeide/software/armembeddedgcc/bin/../lib/gcc/arm-none-eabi/10.3.1/thumb/v7-m/nofp/crtbegin.o
 .text          0x00000000       0x7c c:/vscodeide/software/armembeddedgcc/bin/../lib/gcc/arm-none-eabi/10.3.1/../../../../arm-none-eabi/lib/thumb/v7-m/nofp/crt0.o
 .data          0x00000000        0x0 c:/vscodeide/software/armembeddedgcc/bin/../lib/gcc/arm-none-eabi/10.3.1/../../../../arm-none-eabi/lib/thumb/v7-m/nofp/crt0.o
 .bss           0x00000000        0x0 c:/vscodeide/software/armembeddedgcc/bin/../lib/gcc/arm-none-eabi/10.3.1/../../../../arm-none-eabi/lib/thumb/v7-m/nofp/crt0.o
[...]
Memory Configuration

Name             Origin             Length             Attributes
RAM              0x20000000         0x00005000         xrw
FLASH            0x08000000         0x00010000         xr
*default*        0x00000000         0xffffffff

Linker script and memory map

LOAD c:/vscodeide/software/armembeddedgcc/bin/../lib/gcc/arm-none-eabi/10.3.1/thumb/v7-m/nofp/crti.o
LOAD c:/vscodeide/software/armembeddedgcc/bin/../lib/gcc/arm-none-eabi/10.3.1/thumb/v7-m/nofp/crtbegin.o
LOAD c:/vscodeide/software/armembeddedgcc/bin/../lib/gcc/arm-none-eabi/10.3.1/../../../../arm-none-eabi/lib/thumb/v7-m/nofp/crt0.o
LOAD build/main.o
LOAD build/gpio.o
LOAD build/stm32f1xx_it.o
LOAD build/stm32f1xx_hal_msp.o
LOAD build/system_stm32f1xx.o
LOAD build/sysmem.o
LOAD build/syscalls.o
LOAD build/spi.o
LOAD build/tim.o
LOAD build/usart.o
LOAD build/stm32f1xx_hal_gpio_ex.o
LOAD build/stm32f1xx_hal_tim.o
LOAD build/stm32f1xx_hal_tim_ex.o
LOAD build/stm32f1xx_hal.o
LOAD build/stm32f1xx_hal_rcc.o
LOAD build/stm32f1xx_hal_rcc_ex.o
LOAD build/stm32f1xx_hal_gpio.o
LOAD build/stm32f1xx_hal_dma.o
LOAD build/stm32f1xx_hal_cortex.o
LOAD build/stm32f1xx_hal_pwr.o
LOAD build/stm32f1xx_hal_flash.o
LOAD build/stm32f1xx_hal_flash_ex.o
LOAD build/stm32f1xx_hal_exti.o
LOAD build/stm32f1xx_hal_spi.o
LOAD build/stm32f1xx_hal_uart.o
LOAD build/AD7793.o
LOAD build/mbascii.o
LOAD build/mbfunccoils.o
LOAD build/mbfunccoils_m.o
LOAD build/mbfuncdiag.o
LOAD build/mbfuncdisc.o
LOAD build/mbfuncdisc_m.o
LOAD build/mbfuncholding.o
LOAD build/mbfuncholding_m.o
LOAD build/mbfuncinput.o
LOAD build/mbfuncinput_m.o
LOAD build/mbfuncother.o
LOAD build/mbutils.o
LOAD build/portevent.o
LOAD build/portevent_m.o
LOAD build/portserial.o
LOAD build/portserial_m.o
LOAD build/porttimer.o
LOAD build/porttimer_m.o
LOAD build/portcritical.o
LOAD build/mbcrc.o
LOAD build/mbrtu.o
LOAD build/mbrtu_m.o
LOAD build/mbtcp.o
LOAD build/mb.o
LOAD build/mb_m.o
LOAD build/user_mb_app.o
LOAD build/user_mb_app_m.o
LOAD build/ReceiveTransmit.o
LOAD build/startup_stm32f103xb.o
LOAD c:/vscodeide/software/armembeddedgcc/bin/../lib/gcc/arm-none-eabi/10.3.1/../../../../arm-none-eabi/lib/thumb/v7-m/nofp\libc_nano.a
LOAD c:/vscodeide/software/armembeddedgcc/bin/../lib/gcc/arm-none-eabi/10.3.1/../../../../arm-none-eabi/lib/thumb/v7-m/nofp\libm.a
LOAD c:/vscodeide/software/armembeddedgcc/bin/../lib/gcc/arm-none-eabi/10.3.1/../../../../arm-none-eabi/lib/thumb/v7-m/nofp\libnosys.a
START GROUP
LOAD c:/vscodeide/software/armembeddedgcc/bin/../lib/gcc/arm-none-eabi/10.3.1/thumb/v7-m/nofp\libgcc.a
LOAD c:/vscodeide/software/armembeddedgcc/bin/../lib/gcc/arm-none-eabi/10.3.1/../../../../arm-none-eabi/lib/thumb/v7-m/nofp\libc_nano.a
END GROUP
START GROUP
LOAD c:/vscodeide/software/armembeddedgcc/bin/../lib/gcc/arm-none-eabi/10.3.1/thumb/v7-m/nofp\libgcc.a
LOAD c:/vscodeide/software/armembeddedgcc/bin/../lib/gcc/arm-none-eabi/10.3.1/../../../../arm-none-eabi/lib/thumb/v7-m/nofp\libc_nano.a
END GROUP
LOAD c:/vscodeide/software/armembeddedgcc/bin/../lib/gcc/arm-none-eabi/10.3.1/thumb/v7-m/nofp/crtend.o
LOAD c:/vscodeide/software/armembeddedgcc/bin/../lib/gcc/arm-none-eabi/10.3.1/thumb/v7-m/nofp/crtn.o
                0x20005000                _estack = (ORIGIN (RAM) + LENGTH (RAM))
                0x00000200                _Min_Heap_Size = 0x200
                0x00000400                _Min_Stack_Size = 0x400

.isr_vector     0x08000000      0x10c
                0x08000000                . = ALIGN (0x4)
 *(.isr_vector)
 .isr_vector    0x08000000      0x10c build/startup_stm32f103xb.o
                0x08000000                g_pfnVectors
                0x0800010c                . = ALIGN (0x4)

.text           0x08000110     0x409c
                0x08000110                . = ALIGN (0x4)
 *(.text)
 .text          0x08000110       0x40 c:/vscodeide/software/armembeddedgcc/bin/../lib/gcc/arm-none-eabi/10.3.1/thumb/v7-m/nofp/crtbegin.o
 .text          0x08000150      0x378 c:/vscodeide/software/armembeddedgcc/bin/../lib/gcc/arm-none-eabi/10.3.1/thumb/v7-m/nofp\libgcc.a(_arm_addsubdf3.o)
                0x08000150                __aeabi_drsub
                0x08000158                __aeabi_dsub
                0x08000158                __subdf3
                0x0800015c                __aeabi_dadd
                0x0800015c                __adddf3
                0x080003d4                __floatunsidf
                0x080003d4                __aeabi_ui2d
                0x080003f4                __floatsidf
                0x080003f4                __aeabi_i2d
                0x08000418                __aeabi_f2d
                0x08000418                __extendsfdf2
                0x0800045c                __floatundidf
                0x0800045c                __aeabi_ul2d
                0x0800046c                __floatdidf
                0x0800046c                __aeabi_l2d
 .text          0x080004c8      0x424 c:/vscodeide/software/armembeddedgcc/bin/../lib/gcc/arm-none-eabi/10.3.1/thumb/v7-m/nofp\libgcc.a(_arm_muldivdf3.o)
                0x080004c8                __aeabi_dmul
                0x080004c8                __muldf3
                0x0800071c                __divdf3
                0x0800071c                __aeabi_ddiv
 .text          0x080008ec      0x110 c:/vscodeide/software/armembeddedgcc/bin/../lib/gcc/arm-none-eabi/10.3.1/thumb/v7-m/nofp\libgcc.a(_arm_cmpdf2.o)
                0x080008ec                __gtdf2
                0x080008ec                __gedf2
                0x080008f4                __ltdf2
                0x080008f4                __ledf2
                0x080008fc                __nedf2
                0x080008fc                __eqdf2
                0x080008fc                __cmpdf2
                0x08000978                __aeabi_cdrcmple
                0x08000988                __aeabi_cdcmpeq
                0x08000988                __aeabi_cdcmple
                0x08000998                __aeabi_dcmpeq
                0x080009ac                __aeabi_dcmplt
                0x080009c0                __aeabi_dcmple
                0x080009d4                __aeabi_dcmpge
                0x080009e8                __aeabi_dcmpgt
 .text          0x080009fc       0x2c c:/vscodeide/software/armembeddedgcc/bin/../lib/gcc/arm-none-eabi/10.3.1/thumb/v7-m/nofp\libgcc.a(_arm_unorddf2.o)
                0x080009fc                __unorddf2
                0x080009fc                __aeabi_dcmpun
 .text          0x08000a28       0xa0 c:/vscodeide/software/armembeddedgcc/bin/../lib/gcc/arm-none-eabi/10.3.1/thumb/v7-m/nofp\libgcc.a(_arm_truncdfsf2.o)
                0x08000a28                __truncdfsf2
                0x08000a28                __aeabi_d2f
 .text          0x08000ac8      0x2a0 c:/vscodeide/software/armembeddedgcc/bin/../lib/gcc/arm-none-eabi/10.3.1/thumb/v7-m/nofp\libgcc.a(_arm_muldivsf3.o)
                0x08000ac8                __mulsf3
                0x08000ac8                __aeabi_fmul
                0x08000c30                __aeabi_fdiv
                0x08000c30                __divsf3
 *(.text*)
 .text.Error_Handler
                0x08000d68        0x4 build/main.o
                0x08000d68                Error_Handler
 .text.SystemClock_Config
                0x08000d6c       0x64 build/main.o
                0x08000d6c                SystemClock_Config
 .text.main     0x08000dd0      0x140 build/main.o
                0x08000dd0                main
 .text.MX_GPIO_Init
                0x08000f10       0xfc build/gpio.o
                0x08000f10                MX_GPIO_Init
 .text.NMI_Handler
                0x0800100c        0x2 build/stm32f1xx_it.o
                0x0800100c                NMI_Handler
 .text.HardFault_Handler
                0x0800100e        0x2 build/stm32f1xx_it.o
                0x0800100e                HardFault_Handler
 .text.MemManage_Handler
                0x08001010        0x2 build/stm32f1xx_it.o
                0x08001010                MemManage_Handler
 .text.BusFault_Handler
                0x08001012        0x2 build/stm32f1xx_it.o
                0x08001012                BusFault_Handler
 .text.UsageFault_Handler
                0x08001014        0x2 build/stm32f1xx_it.o
                0x08001014                UsageFault_Handler
 .text.SVC_Handler
                0x08001016        0x2 build/stm32f1xx_it.o
                0x08001016                SVC_Handler
 .text.DebugMon_Handler
                0x08001018        0x2 build/stm32f1xx_it.o
                0x08001018                DebugMon_Handler
 .text.PendSV_Handler
                0x0800101a        0x2 build/stm32f1xx_it.o
                0x0800101a                PendSV_Handler
 .text.SysTick_Handler
                0x0800101c        0x8 build/stm32f1xx_it.o
                0x0800101c                SysTick_Handler
 .text.EXTI3_IRQHandler
                0x08001024        0xa build/stm32f1xx_it.o
                0x08001024                EXTI3_IRQHandler
 *fill*         0x0800102e        0x2 
 .text.TIM3_IRQHandler
                0x08001030       0x10 build/stm32f1xx_it.o
                0x08001030                TIM3_IRQHandler
 .text.TIM4_IRQHandler
                0x08001040       0x10 build/stm32f1xx_it.o
                0x08001040                TIM4_IRQHandler
 .text.USART2_IRQHandler
                0x08001050       0x10 build/stm32f1xx_it.o
                0x08001050                USART2_IRQHandler
 .text.EXTI15_10_IRQHandler
                0x08001060        0xc build/stm32f1xx_it.o
                0x08001060                EXTI15_10_IRQHandler
 .text.HAL_MspInit
                0x0800106c       0x44 build/stm32f1xx_hal_msp.o
                0x0800106c                HAL_MspInit
 .text.SystemInit
                0x080010b0        0x2 build/system_stm32f1xx.o
                0x080010b0                SystemInit
 *fill*         0x080010b2        0x2 
 .text.MX_SPI2_Init
                0x080010b4       0x48 build/spi.o
                0x080010b4                MX_SPI2_Init
 .text.HAL_SPI_MspInit
                0x080010fc       0x78 build/spi.o
                0x080010fc                HAL_SPI_MspInit
 .text.MX_TIM3_Init
                0x08001174       0x70 build/tim.o
                0x08001174                MX_TIM3_Init
 .text.MX_TIM4_Init
                0x080011e4       0x6c build/tim.o
                0x080011e4                MX_TIM4_Init
 .text.HAL_TIM_Base_MspInit
                0x08001250       0x70 build/tim.o
                0x08001250                HAL_TIM_Base_MspInit
 .text.MX_USART2_UART_Init
                0x080012c0       0x34 build/usart.o
                0x080012c0                MX_USART2_UART_Init
 .text.HAL_UART_MspInit
                0x080012f4       0x88 build/usart.o
                0x080012f4                HAL_UART_MspInit
 .text.TIM_TI1_ConfigInputStage
                0x0800137c       0x24 build/stm32f1xx_hal_tim.o
 .text.TIM_TI2_ConfigInputStage
                0x080013a0       0x26 build/stm32f1xx_hal_tim.o
 .text.TIM_ITRx_SetConfig
                0x080013c6       0x10 build/stm32f1xx_hal_tim.o
 *fill*         0x080013d6        0x2 
 .text.HAL_TIM_Base_Start_IT
                0x080013d8       0x68 build/stm32f1xx_hal_tim.o
                0x080013d8                HAL_TIM_Base_Start_IT
 .text.HAL_TIM_Base_Stop_IT
                0x08001440       0x32 build/stm32f1xx_hal_tim.o
                0x08001440                HAL_TIM_Base_Stop_IT
 .text.HAL_TIM_OC_DelayElapsedCallback
                0x08001472        0x2 build/stm32f1xx_hal_tim.o
                0x08001472                HAL_TIM_OC_DelayElapsedCallback
 .text.HAL_TIM_IC_CaptureCallback
                0x08001474        0x2 build/stm32f1xx_hal_tim.o
                0x08001474                HAL_TIM_IC_CaptureCallback
 .text.HAL_TIM_PWM_PulseFinishedCallback
                0x08001476        0x2 build/stm32f1xx_hal_tim.o
                0x08001476                HAL_TIM_PWM_PulseFinishedCallback
 .text.HAL_TIM_TriggerCallback
                0x08001478        0x2 build/stm32f1xx_hal_tim.o
                0x08001478                HAL_TIM_TriggerCallback
 .text.HAL_TIM_IRQHandler
                0x0800147a      0x17a build/stm32f1xx_hal_tim.o
                0x0800147a                HAL_TIM_IRQHandler
 .text.TIM_Base_SetConfig
                0x080015f4       0x74 build/stm32f1xx_hal_tim.o
                0x080015f4                TIM_Base_SetConfig
 .text.HAL_TIM_Base_Init
                0x08001668       0x58 build/stm32f1xx_hal_tim.o
                0x08001668                HAL_TIM_Base_Init
 .text.TIM_ETR_SetConfig
                0x080016c0       0x18 build/stm32f1xx_hal_tim.o
                0x080016c0                TIM_ETR_SetConfig
 .text.HAL_TIM_ConfigClockSource
                0x080016d8       0xfe build/stm32f1xx_hal_tim.o
                0x080016d8                HAL_TIM_ConfigClockSource
 *fill*         0x080017d6        0x2 
 .text.HAL_TIMEx_MasterConfigSynchronization
                0x080017d8       0x6c build/stm32f1xx_hal_tim_ex.o
                0x080017d8                HAL_TIMEx_MasterConfigSynchronization
 .text.HAL_TIMEx_CommutCallback
                0x08001844        0x2 build/stm32f1xx_hal_tim_ex.o
                0x08001844                HAL_TIMEx_CommutCallback
 .text.HAL_TIMEx_BreakCallback
                0x08001846        0x2 build/stm32f1xx_hal_tim_ex.o
                0x08001846                HAL_TIMEx_BreakCallback
 .text.HAL_InitTick
                0x08001848       0x4c build/stm32f1xx_hal.o
                0x08001848                HAL_InitTick
 .text.HAL_Init
                0x08001894       0x24 build/stm32f1xx_hal.o
                0x08001894                HAL_Init
 .text.HAL_IncTick
                0x080018b8       0x18 build/stm32f1xx_hal.o
                0x080018b8                HAL_IncTick
 .text.HAL_GetTick
                0x080018d0        0xc build/stm32f1xx_hal.o
                0x080018d0                HAL_GetTick
 .text.HAL_Delay
                0x080018dc       0x28 build/stm32f1xx_hal.o
                0x080018dc                HAL_Delay
 .text.RCC_Delay
                0x08001904       0x2c build/stm32f1xx_hal_rcc.o
 .text.HAL_RCC_OscConfig
                0x08001930      0x410 build/stm32f1xx_hal_rcc.o
                0x08001930                HAL_RCC_OscConfig
 .text.HAL_RCC_GetSysClockFreq
                0x08001d40       0x54 build/stm32f1xx_hal_rcc.o
                0x08001d40                HAL_RCC_GetSysClockFreq
 .text.HAL_RCC_ClockConfig
                0x08001d94      0x16c build/stm32f1xx_hal_rcc.o
                0x08001d94                HAL_RCC_ClockConfig
 .text.HAL_RCC_GetHCLKFreq
                0x08001f00        0xc build/stm32f1xx_hal_rcc.o
                0x08001f00                HAL_RCC_GetHCLKFreq
 .text.HAL_RCC_GetPCLK1Freq
                0x08001f0c       0x20 build/stm32f1xx_hal_rcc.o
                0x08001f0c                HAL_RCC_GetPCLK1Freq
 .text.HAL_RCC_GetPCLK2Freq
                0x08001f2c       0x20 build/stm32f1xx_hal_rcc.o
                0x08001f2c                HAL_RCC_GetPCLK2Freq
 .text.HAL_GPIO_Init
                0x08001f4c      0x224 build/stm32f1xx_hal_gpio.o
                0x08001f4c                HAL_GPIO_Init
 .text.HAL_GPIO_WritePin
                0x08002170        0xc build/stm32f1xx_hal_gpio.o
                0x08002170                HAL_GPIO_WritePin
 .text.HAL_GPIO_EXTI_Callback
                0x0800217c        0x2 build/stm32f1xx_hal_gpio.o
                0x0800217c                HAL_GPIO_EXTI_Callback
 *fill*         0x0800217e        0x2 
 .text.HAL_GPIO_EXTI_IRQHandler
                0x08002180       0x1c build/stm32f1xx_hal_gpio.o
                0x08002180                HAL_GPIO_EXTI_IRQHandler
 .text.HAL_DMA_Abort
                0x0800219c       0x46 build/stm32f1xx_hal_dma.o
                0x0800219c                HAL_DMA_Abort
 *fill*         0x080021e2        0x2 
 .text.HAL_DMA_Abort_IT
                0x080021e4       0x98 build/stm32f1xx_hal_dma.o
                0x080021e4                HAL_DMA_Abort_IT
 .text.HAL_NVIC_SetPriorityGrouping
                0x0800227c       0x24 build/stm32f1xx_hal_cortex.o
                0x0800227c                HAL_NVIC_SetPriorityGrouping
 .text.HAL_NVIC_SetPriority
                0x080022a0       0x70 build/stm32f1xx_hal_cortex.o
                0x080022a0                HAL_NVIC_SetPriority
 .text.HAL_NVIC_EnableIRQ
                0x08002310       0x1c build/stm32f1xx_hal_cortex.o
                0x08002310                HAL_NVIC_EnableIRQ
 .text.HAL_NVIC_DisableIRQ
                0x0800232c       0x24 build/stm32f1xx_hal_cortex.o
                0x0800232c                HAL_NVIC_DisableIRQ
 .text.HAL_SYSTICK_Config
                0x08002350       0x28 build/stm32f1xx_hal_cortex.o
                0x08002350                HAL_SYSTICK_Config
 .text.SPI_WaitFlagStateUntilTimeout
                0x08002378       0xd4 build/stm32f1xx_hal_spi.o
 .text.SPI_EndRxTxTransaction
                0x0800244c       0x24 build/stm32f1xx_hal_spi.o
 .text.HAL_SPI_Init
                0x08002470       0xb6 build/stm32f1xx_hal_spi.o
                0x08002470                HAL_SPI_Init
 .text.HAL_SPI_Transmit
                0x08002526      0x1b8 build/stm32f1xx_hal_spi.o
                0x08002526                HAL_SPI_Transmit
 .text.HAL_SPI_TransmitReceive
                0x080026de      0x244 build/stm32f1xx_hal_spi.o
                0x080026de                HAL_SPI_TransmitReceive
 .text.UART_EndRxTransfer
                0x08002922       0x5c build/stm32f1xx_hal_uart.o
 .text.UART_Transmit_IT
                0x0800297e       0x60 build/stm32f1xx_hal_uart.o
 *fill*         0x080029de        0x2 
 .text.UART_SetConfig
                0x080029e0       0x94 build/stm32f1xx_hal_uart.o
 .text.HAL_UART_Init
                0x08002a74       0x60 build/stm32f1xx_hal_uart.o
                0x08002a74                HAL_UART_Init
 .text.HAL_UART_Transmit_IT
                0x08002ad4       0x38 build/stm32f1xx_hal_uart.o
                0x08002ad4                HAL_UART_Transmit_IT
 .text.UART_EndTransmit_IT
                0x08002b0c       0x1a build/stm32f1xx_hal_uart.o
 .text.HAL_UART_ErrorCallback
                0x08002b26        0x2 build/stm32f1xx_hal_uart.o
                0x08002b26                HAL_UART_ErrorCallback
 .text.UART_DMAAbortOnError
                0x08002b28       0x10 build/stm32f1xx_hal_uart.o
 .text.HAL_UART_AbortTransmitCpltCallback
                0x08002b38        0x2 build/stm32f1xx_hal_uart.o
                0x08002b38                HAL_UART_AbortTransmitCpltCallback
 *fill*         0x08002b3a        0x2 
 .text.HAL_UART_AbortTransmit_IT
                0x08002b3c       0x80 build/stm32f1xx_hal_uart.o
                0x08002b3c                HAL_UART_AbortTransmit_IT
 .text.UART_DMATxOnlyAbortCallback
                0x08002bbc       0x14 build/stm32f1xx_hal_uart.o
 .text.HAL_UART_AbortReceiveCpltCallback
                0x08002bd0        0x2 build/stm32f1xx_hal_uart.o
                0x08002bd0                HAL_UART_AbortReceiveCpltCallback
 *fill*         0x08002bd2        0x2 
 .text.HAL_UART_AbortReceive_IT
                0x08002bd4       0xbc build/stm32f1xx_hal_uart.o
                0x08002bd4                HAL_UART_AbortReceive_IT
 .text.UART_DMARxOnlyAbortCallback
                0x08002c90       0x16 build/stm32f1xx_hal_uart.o
 .text.HAL_UARTEx_RxEventCallback
                0x08002ca6        0x2 build/stm32f1xx_hal_uart.o
                0x08002ca6                HAL_UARTEx_RxEventCallback
 .text.UART_Receive_IT
                0x08002ca8       0xe6 build/stm32f1xx_hal_uart.o
 *fill*         0x08002d8e        0x2 
 .text.HAL_UART_IRQHandler
                0x08002d90      0x288 build/stm32f1xx_hal_uart.o
                0x08002d90                HAL_UART_IRQHandler
 .text.UART_Start_Receive_IT
                0x08003018       0x36 build/stm32f1xx_hal_uart.o
                0x08003018                UART_Start_Receive_IT
 .text.HAL_UART_Receive_IT
                0x0800304e       0x26 build/stm32f1xx_hal_uart.o
                0x0800304e                HAL_UART_Receive_IT
 .text.AD7793_WaitRdyGoLow
                0x08003074       0x1c build/AD7793.o
                0x08003074                AD7793_WaitRdyGoLow
 .text.AD7793_Mode_Register
                0x08003090       0x4c build/AD7793.o
                0x08003090                AD7793_Mode_Register
 .text.AD7793_SingleConversion
                0x080030dc       0x64 build/AD7793.o
                0x080030dc                AD7793_SingleConversion
 .text.send_to_SPI
                0x08003140       0x38 build/AD7793.o
                0x08003140                send_to_SPI
 .text.AD7793_Init
                0x08003178       0x24 build/AD7793.o
                0x08003178                AD7793_Init
 .text.AD7793_Reset
                0x0800319c       0x24 build/AD7793.o
                0x0800319c                AD7793_Reset
 .text.AD7793_Configuration_Register
                0x080031c0       0x32 build/AD7793.o
                0x080031c0                AD7793_Configuration_Register
 .text.AD7793_IO_Register
                0x080031f2       0x26 build/AD7793.o
                0x080031f2                AD7793_IO_Register
 .text.eMBFuncReadCoils
                0x08003218       0x74 build/mbfunccoils.o
                0x08003218                eMBFuncReadCoils
 .text.eMBFuncWriteCoil
                0x0800328c       0x60 build/mbfunccoils.o
                0x0800328c                eMBFuncWriteCoil
 .text.eMBFuncWriteMultipleCoils
                0x080032ec       0x6a build/mbfunccoils.o
                0x080032ec                eMBFuncWriteMultipleCoils
 .text.eMBFuncReadDiscreteInputs
                0x08003356       0x72 build/mbfuncdisc.o
                0x08003356                eMBFuncReadDiscreteInputs
 .text.eMBFuncWriteHoldingRegister
                0x080033c8       0x2c build/mbfuncholding.o
                0x080033c8                eMBFuncWriteHoldingRegister
 .text.eMBFuncWriteMultipleHoldingRegister
                0x080033f4       0x54 build/mbfuncholding.o
                0x080033f4                eMBFuncWriteMultipleHoldingRegister
 .text.eMBFuncReadHoldingRegister
                0x08003448       0x64 build/mbfuncholding.o
                0x08003448                eMBFuncReadHoldingRegister
 .text.eMBFuncReadWriteMultipleHoldingRegister
                0x080034ac       0xa4 build/mbfuncholding.o
                0x080034ac                eMBFuncReadWriteMultipleHoldingRegister
 .text.eMBFuncReadInputRegister
                0x08003550       0x64 build/mbfuncinput.o
                0x08003550                eMBFuncReadInputRegister
 .text.eMBFuncReportSlaveID
                0x080035b4       0x24 build/mbfuncother.o
                0x080035b4                eMBFuncReportSlaveID
 .text.xMBUtilSetBits
                0x080035d8       0x4a build/mbutils.o
                0x080035d8                xMBUtilSetBits
 .text.xMBUtilGetBits
                0x08003622       0x26 build/mbutils.o
                0x08003622                xMBUtilGetBits
 .text.prveMBError2Exception
                0x08003648       0x18 build/mbutils.o
                0x08003648                prveMBError2Exception
 .text.xMBPortEventInit
                0x08003660       0x10 build/portevent.o
                0x08003660                xMBPortEventInit
 .text.xMBPortEventPost
                0x08003670       0x18 build/portevent.o
                0x08003670                xMBPortEventPost
 .text.xMBPortEventGet
                0x08003688       0x20 build/portevent.o
                0x08003688                xMBPortEventGet
 .text.xMBPortSerialInit
                0x080036a8        0xc build/portserial.o
                0x080036a8                xMBPortSerialInit
 .text.vMBPortSerialEnable
                0x080036b4       0x3c build/portserial.o
                0x080036b4                vMBPortSerialEnable
 .text.xMBPortSerialPutBytes
                0x080036f0       0x18 build/portserial.o
                0x080036f0                xMBPortSerialPutBytes
 .text.xMBPortSerialGetByte
                0x08003708       0x10 build/portserial.o
                0x08003708                xMBPortSerialGetByte
 .text.HAL_UART_RxCpltCallback
                0x08003718       0x30 build/portserial.o
                0x08003718                HAL_UART_RxCpltCallback
 .text.HAL_UART_TxCpltCallback
                0x08003748       0x20 build/portserial.o
                0x08003748                HAL_UART_TxCpltCallback
 .text.xMBPortTimersInit
                0x08003768       0x14 build/porttimer.o
                0x08003768                xMBPortTimersInit
 .text.vMBPortTimersEnable
                0x0800377c       0x1c build/porttimer.o
                0x0800377c                vMBPortTimersEnable
 .text.vMBPortTimersDisable
                0x08003798       0x10 build/porttimer.o
                0x08003798                vMBPortTimersDisable
 .text.HAL_TIM_PeriodElapsedCallback
                0x080037a8       0x38 build/porttimer.o
                0x080037a8                HAL_TIM_PeriodElapsedCallback
 .text.__critical_enter
                0x080037e0       0x10 build/portcritical.o
                0x080037e0                __critical_enter
 .text.__critical_exit
                0x080037f0       0x14 build/portcritical.o
                0x080037f0                __critical_exit
 .text.usMBCRC16
                0x08003804       0x38 build/mbcrc.o
                0x08003804                usMBCRC16
 .text.eMBRTUInit
                0x0800383c       0x50 build/mbrtu.o
                0x0800383c                eMBRTUInit
 .text.eMBRTUStart
                0x0800388c       0x20 build/mbrtu.o
                0x0800388c                eMBRTUStart
 .text.eMBRTUStop
                0x080038ac       0x18 build/mbrtu.o
                0x080038ac                eMBRTUStop
 .text.eMBRTUReceive
                0x080038c4       0x54 build/mbrtu.o
                0x080038c4                eMBRTUReceive
 .text.eMBRTUSend
                0x08003918       0x94 build/mbrtu.o
                0x08003918                eMBRTUSend
 .text.xMBRTUReceiveFSM
                0x080039ac       0x8c build/mbrtu.o
                0x080039ac                xMBRTUReceiveFSM
 .text.xMBRTUTransmitFSM
                0x08003a38       0x60 build/mbrtu.o
                0x08003a38                xMBRTUTransmitFSM
 .text.xMBRTUTimerT35Expired
                0x08003a98       0x38 build/mbrtu.o
                0x08003a98                xMBRTUTimerT35Expired
 .text.eMBInit  0x08003ad0       0xc0 build/mb.o
                0x08003ad0                eMBInit
 .text.eMBEnable
                0x08003b90       0x24 build/mb.o
                0x08003b90                eMBEnable
 .text.eMBPoll  0x08003bb4      0x108 build/mb.o
                0x08003bb4                eMBPoll
 .text.eMBRegInputCB
                0x08003cbc       0x4c build/user_mb_app.o
                0x08003cbc                eMBRegInputCB
 .text.eMBRegHoldingCB
                0x08003d08       0x80 build/user_mb_app.o
                0x08003d08                eMBRegHoldingCB
 .text.eMBRegCoilsCB
                0x08003d88       0xc0 build/user_mb_app.o
                0x08003d88                eMBRegCoilsCB
 .text.eMBRegDiscreteCB
                0x08003e48       0x78 build/user_mb_app.o
                0x08003e48                eMBRegDiscreteCB
 .text.dataTransmit
                0x08003ec0       0x2c build/ReceiveTransmit.o
                0x08003ec0                dataTransmit
 .text.Reset_Handler
                0x08003eec       0x48 build/startup_stm32f103xb.o
                0x08003eec                Reset_Handler
 .text.Default_Handler
                0x08003f34        0x2 build/startup_stm32f103xb.o
                0x08003f34                RTC_Alarm_IRQHandler
                0x08003f34                EXTI2_IRQHandler
                0x08003f34                TIM1_CC_IRQHandler
                0x08003f34                PVD_IRQHandler
                0x08003f34                EXTI0_IRQHandler
                0x08003f34                I2C2_EV_IRQHandler
                0x08003f34                ADC1_2_IRQHandler
                0x08003f34                SPI1_IRQHandler
                0x08003f34                TAMPER_IRQHandler
                0x08003f34                DMA1_Channel4_IRQHandler
                0x08003f34                USART3_IRQHandler
                0x08003f34                RTC_IRQHandler
                0x08003f34                DMA1_Channel7_IRQHandler
                0x08003f34                CAN1_RX1_IRQHandler
                0x08003f34                I2C1_EV_IRQHandler
                0x08003f34                DMA1_Channel6_IRQHandler
                0x08003f34                RCC_IRQHandler
                0x08003f34                TIM1_TRG_COM_IRQHandler
                0x08003f34                DMA1_Channel1_IRQHandler
                0x08003f34                Default_Handler
                0x08003f34                EXTI9_5_IRQHandler
                0x08003f34                SPI2_IRQHandler
                0x08003f34                DMA1_Channel5_IRQHandler
                0x08003f34                EXTI4_IRQHandler
                0x08003f34                USB_LP_CAN1_RX0_IRQHandler
                0x08003f34                USB_HP_CAN1_TX_IRQHandler
                0x08003f34                DMA1_Channel3_IRQHandler
                0x08003f34                TIM1_UP_IRQHandler
                0x08003f34                WWDG_IRQHandler
                0x08003f34                TIM2_IRQHandler
                0x08003f34                TIM1_BRK_IRQHandler
                0x08003f34                EXTI1_IRQHandler
                0x08003f34                I2C2_ER_IRQHandler
                0x08003f34                DMA1_Channel2_IRQHandler
                0x08003f34                CAN1_SCE_IRQHandler
                0x08003f34                FLASH_IRQHandler
                0x08003f34                USART1_IRQHandler
                0x08003f34                I2C1_ER_IRQHandler
                0x08003f34                USBWakeUp_IRQHandler
 *fill*         0x08003f36        0x2 
 .text.__errno  0x08003f38        0xc c:/vscodeide/software/armembeddedgcc/bin/../lib/gcc/arm-none-eabi/10.3.1/../../../../arm-none-eabi/lib/thumb/v7-m/nofp\libc_nano.a(lib_a-errno.o)
                0x08003f38                __errno
 .text.__libc_init_array
                0x08003f44       0x48 c:/vscodeide/software/armembeddedgcc/bin/../lib/gcc/arm-none-eabi/10.3.1/../../../../arm-none-eabi/lib/thumb/v7-m/nofp\libc_nano.a(lib_a-init.o)
                0x08003f44                __libc_init_array
 .text.memcpy   0x08003f8c       0x1c c:/vscodeide/software/armembeddedgcc/bin/../lib/gcc/arm-none-eabi/10.3.1/../../../../arm-none-eabi/lib/thumb/v7-m/nofp\libc_nano.a(lib_a-memcpy-stub.o)
                0x08003f8c                memcpy
 .text.memset   0x08003fa8       0x10 c:/vscodeide/software/armembeddedgcc/bin/../lib/gcc/arm-none-eabi/10.3.1/../../../../arm-none-eabi/lib/thumb/v7-m/nofp\libc_nano.a(lib_a-memset.o)
                0x08003fa8                memset
 .text.sqrt     0x08003fb8       0x50 c:/vscodeide/software/armembeddedgcc/bin/../lib/gcc/arm-none-eabi/10.3.1/../../../../arm-none-eabi/lib/thumb/v7-m/nofp\libm.a(lib_a-w_sqrt.o)
                0x08003fb8                sqrt
 .text.__ieee754_sqrt
                0x08004008      0x18c c:/vscodeide/software/armembeddedgcc/bin/../lib/gcc/arm-none-eabi/10.3.1/../../../../arm-none-eabi/lib/thumb/v7-m/nofp\libm.a(lib_a-e_sqrt.o)
                0x08004008                __ieee754_sqrt
 *(.glue_7)
 .glue_7        0x08004194        0x0 linker stubs
 *(.glue_7t)
 .glue_7t       0x08004194        0x0 linker stubs
 *(.eh_frame)
 .eh_frame      0x08004194        0x0 c:/vscodeide/software/armembeddedgcc/bin/../lib/gcc/arm-none-eabi/10.3.1/thumb/v7-m/nofp/crtbegin.o
 *(.init)
 .init          0x08004194        0x4 c:/vscodeide/software/armembeddedgcc/bin/../lib/gcc/arm-none-eabi/10.3.1/thumb/v7-m/nofp/crti.o
                0x08004194                _init
 .init          0x08004198        0x8 c:/vscodeide/software/armembeddedgcc/bin/../lib/gcc/arm-none-eabi/10.3.1/thumb/v7-m/nofp/crtn.o
 *(.fini)
 .fini          0x080041a0        0x4 c:/vscodeide/software/armembeddedgcc/bin/../lib/gcc/arm-none-eabi/10.3.1/thumb/v7-m/nofp/crti.o
                0x080041a0                _fini
 .fini          0x080041a4        0x8 c:/vscodeide/software/armembeddedgcc/bin/../lib/gcc/arm-none-eabi/10.3.1/thumb/v7-m/nofp/crtn.o
                0x080041ac                . = ALIGN (0x4)
                0x080041ac                _etext = .

.vfp11_veneer   0x080041ac        0x0
 .vfp11_veneer  0x080041ac        0x0 linker stubs

.v4_bx          0x080041ac        0x0
 .v4_bx         0x080041ac        0x0 linker stubs

.iplt           0x080041ac        0x0
 .iplt          0x080041ac        0x0 c:/vscodeide/software/armembeddedgcc/bin/../lib/gcc/arm-none-eabi/10.3.1/thumb/v7-m/nofp/crtbegin.o

.rodata         0x080041ac      0x23c
                0x080041ac                . = ALIGN (0x4)
 *(.rodata)
 .rodata        0x080041ac        0x7 build/AD7793.o
 *(.rodata*)
 *fill*         0x080041b3        0x1 
 .rodata.AHBPrescTable
                0x080041b4       0x10 build/system_stm32f1xx.o
                0x080041b4                AHBPrescTable
 .rodata.APBPrescTable
                0x080041c4        0x8 build/system_stm32f1xx.o
                0x080041c4                APBPrescTable
 .rodata.aPLLMULFactorTable.1
                0x080041cc       0x10 build/stm32f1xx_hal_rcc.o
 .rodata.aPredivFactorTable.0
                0x080041dc        0x2 build/stm32f1xx_hal_rcc.o
 *fill*         0x080041de        0x2 
 .rodata.AD7793_Reset.str1.4
                0x080041e0        0x6 build/AD7793.o
 *fill*         0x080041e6        0x2 
 .rodata.aucCRCHi
                0x080041e8      0x100 build/mbcrc.o
 .rodata.aucCRCLo
                0x080042e8      0x100 build/mbcrc.o
                0x080043e8                . = ALIGN (0x4)

.rel.dyn        0x080043e8        0x0
 .rel.iplt      0x080043e8        0x0 c:/vscodeide/software/armembeddedgcc/bin/../lib/gcc/arm-none-eabi/10.3.1/thumb/v7-m/nofp/crtbegin.o

.ARM.extab
 *(.ARM.extab* .gnu.linkonce.armextab.*)

.ARM            0x080043e8        0x0
                0x080043e8                __exidx_start = .
 *(.ARM.exidx*)
                0x080043e8                __exidx_end = .

.preinit_array  0x080043e8        0x0
                0x080043e8                PROVIDE (__preinit_array_start = .)
 *(.preinit_array*)
                0x080043e8                PROVIDE (__preinit_array_end = .)

.init_array     0x080043e8        0x4
                0x080043e8                PROVIDE (__init_array_start = .)
 *(SORT_BY_NAME(.init_array.*))
 *(.init_array*)
 .init_array    0x080043e8        0x4 c:/vscodeide/software/armembeddedgcc/bin/../lib/gcc/arm-none-eabi/10.3.1/thumb/v7-m/nofp/crtbegin.o
                0x080043ec                PROVIDE (__init_array_end = .)

.fini_array     0x080043ec        0x4
                [!provide]                PROVIDE (__fini_array_start = .)
 *(SORT_BY_NAME(.fini_array.*))
 *(.fini_array*)
 .fini_array    0x080043ec        0x4 c:/vscodeide/software/armembeddedgcc/bin/../lib/gcc/arm-none-eabi/10.3.1/thumb/v7-m/nofp/crtbegin.o
                [!provide]                PROVIDE (__fini_array_end = .)
                0x080043f0                _sidata = LOADADDR (.data)

.data           0x20000000       0xf8 load address 0x080043f0
                0x20000000                . = ALIGN (0x4)
                0x20000000                _sdata = .
 *(.data)
 *(.data*)
 .data.GAIN     0x20000000        0x4 build/main.o
                0x20000000                GAIN
 .data.SystemCoreClock
                0x20000004        0x4 build/system_stm32f1xx.o
                0x20000004                SystemCoreClock
 .data.uwTickFreq
                0x20000008        0x1 build/stm32f1xx_hal.o
                0x20000008                uwTickFreq
 *fill*         0x20000009        0x3 
 .data.uwTickPrio
                0x2000000c        0x4 build/stm32f1xx_hal.o
                0x2000000c                uwTickPrio
 .data.eMBState
                0x20000010        0x1 build/mb.o
 *fill*         0x20000011        0x3 
 .data.xFuncHandlers
                0x20000014       0x80 build/mb.o
 .data._impure_ptr
                0x20000094        0x4 c:/vscodeide/software/armembeddedgcc/bin/../lib/gcc/arm-none-eabi/10.3.1/../../../../arm-none-eabi/lib/thumb/v7-m/nofp\libc_nano.a(lib_a-impure.o)
                0x20000094                _impure_ptr
 .data.impure_data
                0x20000098       0x60 c:/vscodeide/software/armembeddedgcc/bin/../lib/gcc/arm-none-eabi/10.3.1/../../../../arm-none-eabi/lib/thumb/v7-m/nofp\libc_nano.a(lib_a-impure.o)
                0x200000f8                . = ALIGN (0x4)
                0x200000f8                _edata = .

.igot.plt       0x200000f8        0x0 load address 0x080044e8
 .igot.plt      0x200000f8        0x0 c:/vscodeide/software/armembeddedgcc/bin/../lib/gcc/arm-none-eabi/10.3.1/thumb/v7-m/nofp/crtbegin.o
                0x200000f8                . = ALIGN (0x4)

.bss            0x200000f8      0x314 load address 0x080044e8
                0x200000f8                _sbss = .
                0x200000f8                __bss_start__ = _sbss
 *(.bss)
 .bss           0x200000f8       0x1c c:/vscodeide/software/armembeddedgcc/bin/../lib/gcc/arm-none-eabi/10.3.1/thumb/v7-m/nofp/crtbegin.o
 *(.bss*)
 .bss.RRTD      0x20000114        0x4 build/main.o
                0x20000114                RRTD
 .bss.conv      0x20000118        0x4 build/main.o
                0x20000118                conv
 .bss.temp      0x2000011c        0x4 build/main.o
                0x2000011c                temp
 .bss.hspi2     0x20000120       0x58 build/spi.o
                0x20000120                hspi2
 .bss.htim3     0x20000178       0x48 build/tim.o
                0x20000178                htim3
 .bss.htim4     0x200001c0       0x48 build/tim.o
                0x200001c0                htim4
 .bss.huart2    0x20000208       0x48 build/usart.o
                0x20000208                huart2
 .bss.uwTick    0x20000250        0x4 build/stm32f1xx_hal.o
                0x20000250                uwTick
 .bss.ucMBSlaveID
                0x20000254       0x20 build/mbfuncother.o
 .bss.usMBSlaveIDLen
                0x20000274        0x2 build/mbfuncother.o
 .bss.eQueuedEvent
                0x20000276        0x1 build/portevent.o
 .bss.xEventInQueue
                0x20000277        0x1 build/portevent.o
 .bss.singlechar
                0x20000278        0x1 build/portserial.o
 *fill*         0x20000279        0x3 
 .bss.uart      0x2000027c        0x4 build/portserial.o
                0x2000027c                uart
 .bss.counter   0x20000280        0x2 build/porttimer.o
                0x20000280                counter
 *fill*         0x20000282        0x2 
 .bss.tim       0x20000284        0x4 build/porttimer.o
                0x20000284                tim
 .bss.timeout   0x20000288        0x2 build/porttimer.o
 *fill*         0x2000028a        0x2 
 .bss.lock_count
                0x2000028c        0x4 build/portcritical.o
 .bss.eRcvState
                0x20000290        0x1 build/mbrtu.o
 .bss.eSndState
                0x20000291        0x1 build/mbrtu.o
 *fill*         0x20000292        0x2 
 .bss.pucSndBufferCur
                0x20000294        0x4 build/mbrtu.o
 .bss.ucRTUBuf  0x20000298      0x100 build/mbrtu.o
                0x20000298                ucRTUBuf
 .bss.usRcvBufferPos
                0x20000398        0x2 build/mbrtu.o
 .bss.usSndBufferCount
                0x2000039a        0x2 build/mbrtu.o
 .bss.eException.0
                0x2000039c        0x1 build/mb.o
 .bss.eMBCurrentMode
                0x2000039d        0x1 build/mb.o
 *fill*         0x2000039e        0x2 
 .bss.peMBFrameReceiveCur
                0x200003a0        0x4 build/mb.o
 .bss.peMBFrameSendCur
                0x200003a4        0x4 build/mb.o
 .bss.pvMBFrameCloseCur
                0x200003a8        0x4 build/mb.o
 .bss.pvMBFrameStartCur
                0x200003ac        0x4 build/mb.o
 .bss.pvMBFrameStopCur
                0x200003b0        0x4 build/mb.o
 .bss.pxMBFrameCBByteReceived
                0x200003b4        0x4 build/mb.o
                0x200003b4                pxMBFrameCBByteReceived
 .bss.pxMBFrameCBTransmitterEmpty
                0x200003b8        0x4 build/mb.o
                0x200003b8                pxMBFrameCBTransmitterEmpty
 .bss.pxMBPortCBTimerExpired
                0x200003bc        0x4 build/mb.o
                0x200003bc                pxMBPortCBTimerExpired
 .bss.ucFunctionCode.1
                0x200003c0        0x1 build/mb.o
 .bss.ucMBAddress
                0x200003c1        0x1 build/mb.o
 *fill*         0x200003c2        0x2 
 .bss.ucMBFrame.3
                0x200003c4        0x4 build/mb.o
 .bss.ucRcvAddress.4
                0x200003c8        0x1 build/mb.o
 *fill*         0x200003c9        0x1 
 .bss.usLength.2
                0x200003ca        0x2 build/mb.o
 .bss.ucSCoilBuf
                0x200003cc        0x2 build/user_mb_app.o
                0x200003cc                ucSCoilBuf
 *fill*         0x200003ce        0x2 
 .bss.ucSDiscInBuf
                0x200003d0        0x2 build/user_mb_app.o
                0x200003d0                ucSDiscInBuf
 .bss.usSCoilStart
                0x200003d2        0x2 build/user_mb_app.o
                0x200003d2                usSCoilStart
 .bss.usSDiscInStart
                0x200003d4        0x2 build/user_mb_app.o
                0x200003d4                usSDiscInStart
 *fill*         0x200003d6        0x2 
 .bss.usSRegHoldBuf
                0x200003d8       0x14 build/user_mb_app.o
                0x200003d8                usSRegHoldBuf
 .bss.usSRegHoldStart
                0x200003ec        0x2 build/user_mb_app.o
                0x200003ec                usSRegHoldStart
 *fill*         0x200003ee        0x2 
 .bss.usSRegInBuf
                0x200003f0       0x14 build/user_mb_app.o
                0x200003f0                usSRegInBuf
 .bss.usSRegInStart
                0x20000404        0x2 build/user_mb_app.o
                0x20000404                usSRegInStart
 *fill*         0x20000406        0x2 
 .bss.tmpe      0x20000408        0x4 build/ReceiveTransmit.o
                0x20000408                tmpe
 *(COMMON)
                0x2000040c                . = ALIGN (0x4)
                0x2000040c                _ebss = .
                0x2000040c                __bss_end__ = _ebss

._user_heap_stack
                0x2000040c      0x604 load address 0x080044e8
                0x20000410                . = ALIGN (0x8)
 *fill*         0x2000040c        0x4 
                [!provide]                PROVIDE (end = .)
                0x20000410                PROVIDE (_end = .)
                0x20000610                . = (. + _Min_Heap_Size)
 *fill*         0x20000410      0x200 
                0x20000a10                . = (. + _Min_Stack_Size)
 *fill*         0x20000610      0x400 
                0x20000a10                . = ALIGN (0x8)

/DISCARD/
 libc.a(*)
 libm.a(*)
 libgcc.a(*)

.ARM.attributes
                0x00000000       0x29
 *(.ARM.attributes)
 .ARM.attributes
                0x00000000       0x1d c:/vscodeide/software/armembeddedgcc/bin/../lib/gcc/arm-none-eabi/10.3.1/thumb/v7-m/nofp/crti.o
 .ARM.attributes
                0x0000001d       0x2d c:/vscodeide/software/armembeddedgcc/bin/../lib/gcc/arm-none-eabi/10.3.1/thumb/v7-m/nofp/crtbegin.o
 .ARM.attributes
                0x0000004a       0x2d build/main.o
 .ARM.attributes
                0x00000077       0x2d build/gpio.o
 .ARM.attributes
                0x000000a4       0x2d build/stm32f1xx_it.o
 .ARM.attributes
                0x000000d1       0x2d build/stm32f1xx_hal_msp.o
 .ARM.attributes
                0x000000fe       0x2d build/system_stm32f1xx.o
 .ARM.attributes
                0x0000012b       0x2d build/spi.o
 .ARM.attributes
                0x00000158       0x2d build/tim.o
 .ARM.attributes
                0x00000185       0x2d build/usart.o
 .ARM.attributes
                0x000001b2       0x2d build/stm32f1xx_hal_tim.o
 .ARM.attributes
                0x000001df       0x2d build/stm32f1xx_hal_tim_ex.o
 .ARM.attributes
                0x0000020c       0x2d build/stm32f1xx_hal.o
 .ARM.attributes
                0x00000239       0x2d build/stm32f1xx_hal_rcc.o
 .ARM.attributes
                0x00000266       0x2d build/stm32f1xx_hal_gpio.o
 .ARM.attributes
                0x00000293       0x2d build/stm32f1xx_hal_dma.o
 .ARM.attributes
                0x000002c0       0x2d build/stm32f1xx_hal_cortex.o
 .ARM.attributes
                0x000002ed       0x2d build/stm32f1xx_hal_spi.o
 .ARM.attributes
                0x0000031a       0x2d build/stm32f1xx_hal_uart.o
 .ARM.attributes
                0x00000347       0x2d build/AD7793.o
 .ARM.attributes
                0x00000374       0x2d build/mbfunccoils.o
 .ARM.attributes
                0x000003a1       0x2d build/mbfuncdisc.o
 .ARM.attributes
                0x000003ce       0x2d build/mbfuncholding.o
 .ARM.attributes
                0x000003fb       0x2d build/mbfuncinput.o
 .ARM.attributes
                0x00000428       0x2d build/mbfuncother.o
 .ARM.attributes
                0x00000455       0x2d build/mbutils.o
 .ARM.attributes
                0x00000482       0x2d build/portevent.o
 .ARM.attributes
                0x000004af       0x2d build/portserial.o
 .ARM.attributes
                0x000004dc       0x2d build/porttimer.o
 .ARM.attributes
                0x00000509       0x2d build/portcritical.o
 .ARM.attributes
                0x00000536       0x2d build/mbcrc.o
 .ARM.attributes
                0x00000563       0x2d build/mbrtu.o
 .ARM.attributes
                0x00000590       0x2d build/mb.o
 .ARM.attributes
                0x000005bd       0x2d build/user_mb_app.o
 .ARM.attributes
                0x000005ea       0x2d build/ReceiveTransmit.o
 .ARM.attributes
                0x00000617       0x21 build/startup_stm32f103xb.o
 .ARM.attributes
                0x00000638       0x2d c:/vscodeide/software/armembeddedgcc/bin/../lib/gcc/arm-none-eabi/10.3.1/../../../../arm-none-eabi/lib/thumb/v7-m/nofp\libc_nano.a(lib_a-errno.o)
 .ARM.attributes
                0x00000665       0x2d c:/vscodeide/software/armembeddedgcc/bin/../lib/gcc/arm-none-eabi/10.3.1/../../../../arm-none-eabi/lib/thumb/v7-m/nofp\libc_nano.a(lib_a-impure.o)
 .ARM.attributes
                0x00000692       0x2d c:/vscodeide/software/armembeddedgcc/bin/../lib/gcc/arm-none-eabi/10.3.1/../../../../arm-none-eabi/lib/thumb/v7-m/nofp\libc_nano.a(lib_a-init.o)
 .ARM.attributes
                0x000006bf       0x2d c:/vscodeide/software/armembeddedgcc/bin/../lib/gcc/arm-none-eabi/10.3.1/../../../../arm-none-eabi/lib/thumb/v7-m/nofp\libc_nano.a(lib_a-memcpy-stub.o)
 .ARM.attributes
                0x000006ec       0x2d c:/vscodeide/software/armembeddedgcc/bin/../lib/gcc/arm-none-eabi/10.3.1/../../../../arm-none-eabi/lib/thumb/v7-m/nofp\libc_nano.a(lib_a-memset.o)
 .ARM.attributes
                0x00000719       0x2d c:/vscodeide/software/armembeddedgcc/bin/../lib/gcc/arm-none-eabi/10.3.1/../../../../arm-none-eabi/lib/thumb/v7-m/nofp\libm.a(lib_a-w_sqrt.o)
 .ARM.attributes
                0x00000746       0x2d c:/vscodeide/software/armembeddedgcc/bin/../lib/gcc/arm-none-eabi/10.3.1/../../../../arm-none-eabi/lib/thumb/v7-m/nofp\libm.a(lib_a-e_sqrt.o)
 .ARM.attributes
                0x00000773       0x1d c:/vscodeide/software/armembeddedgcc/bin/../lib/gcc/arm-none-eabi/10.3.1/thumb/v7-m/nofp\libgcc.a(_arm_addsubdf3.o)
 .ARM.attributes
                0x00000790       0x1d c:/vscodeide/software/armembeddedgcc/bin/../lib/gcc/arm-none-eabi/10.3.1/thumb/v7-m/nofp\libgcc.a(_arm_muldivdf3.o)
 .ARM.attributes
                0x000007ad       0x1d c:/vscodeide/software/armembeddedgcc/bin/../lib/gcc/arm-none-eabi/10.3.1/thumb/v7-m/nofp\libgcc.a(_arm_cmpdf2.o)
 .ARM.attributes
                0x000007ca       0x1d c:/vscodeide/software/armembeddedgcc/bin/../lib/gcc/arm-none-eabi/10.3.1/thumb/v7-m/nofp\libgcc.a(_arm_unorddf2.o)
 .ARM.attributes
                0x000007e7       0x1d c:/vscodeide/software/armembeddedgcc/bin/../lib/gcc/arm-none-eabi/10.3.1/thumb/v7-m/nofp\libgcc.a(_arm_truncdfsf2.o)
 .ARM.attributes
                0x00000804       0x1d c:/vscodeide/software/armembeddedgcc/bin/../lib/gcc/arm-none-eabi/10.3.1/thumb/v7-m/nofp\libgcc.a(_arm_muldivsf3.o)
 .ARM.attributes
                0x00000821       0x1d c:/vscodeide/software/armembeddedgcc/bin/../lib/gcc/arm-none-eabi/10.3.1/thumb/v7-m/nofp/crtn.o
OUTPUT(build/studyMCU_103.elf elf32-littlearm)
LOAD linker stubs
LOAD c:/vscodeide/software/armembeddedgcc/bin/../lib/gcc/arm-none-eabi/10.3.1/../../../../arm-none-eabi/lib/thumb/v7-m/nofp\libc.a
LOAD c:/vscodeide/software/armembeddedgcc/bin/../lib/gcc/arm-none-eabi/10.3.1/../../../../arm-none-eabi/lib/thumb/v7-m/nofp\libm.a
LOAD c:/vscodeide/software/armembeddedgcc/bin/../lib/gcc/arm-none-eabi/10.3.1/thumb/v7-m/nofp\libgcc.a

.debug_info     0x00000000    0x182d6
 .debug_info    0x00000000      0xfd3 build/main.o
 .debug_info    0x00000fd3      0x595 build/gpio.o
 .debug_info    0x00001568      0xb57 build/stm32f1xx_it.o
 .debug_info    0x000020bf      0x238 build/stm32f1xx_hal_msp.o
 .debug_info    0x000022f7      0x26e build/system_stm32f1xx.o
 .debug_info    0x00002565      0x933 build/spi.o
 .debug_info    0x00002e98      0xc3c build/tim.o
 .debug_info    0x00003ad4      0xac5 build/usart.o
 .debug_info    0x00004599     0x404a build/stm32f1xx_hal_tim.o
 .debug_info    0x000085e3     0x1c39 build/stm32f1xx_hal_tim_ex.o
 .debug_info    0x0000a21c      0x855 build/stm32f1xx_hal.o
 .debug_info    0x0000aa71      0xaf0 build/stm32f1xx_hal_rcc.o
 .debug_info    0x0000b561      0x6d7 build/stm32f1xx_hal_gpio.o
 .debug_info    0x0000bc38      0x8c0 build/stm32f1xx_hal_dma.o
 .debug_info    0x0000c4f8      0xe2d build/stm32f1xx_hal_cortex.o
 .debug_info    0x0000d325     0x1ee4 build/stm32f1xx_hal_spi.o
 .debug_info    0x0000f209     0x43a1 build/stm32f1xx_hal_uart.o
 .debug_info    0x000135aa      0xd96 build/AD7793.o
 .debug_info    0x00014340      0x428 build/mbfunccoils.o
 .debug_info    0x00014768      0x259 build/mbfuncdisc.o
 .debug_info    0x000149c1      0x510 build/mbfuncholding.o
 .debug_info    0x00014ed1      0x24b build/mbfuncinput.o
 .debug_info    0x0001511c      0x2df build/mbfuncother.o
 .debug_info    0x000153fb      0x30e build/mbutils.o
 .debug_info    0x00015709      0x193 build/portevent.o
 .debug_info    0x0001589c      0x8e8 build/portserial.o
 .debug_info    0x00016184      0x831 build/porttimer.o
 .debug_info    0x000169b5      0x115 build/portcritical.o
 .debug_info    0x00016aca      0x176 build/mbcrc.o
 .debug_info    0x00016c40      0x742 build/mbrtu.o
 .debug_info    0x00017382      0x78e build/mb.o
 .debug_info    0x00017b10      0x5e3 build/user_mb_app.o
 .debug_info    0x000180f3      0x1c1 build/ReceiveTransmit.o
 .debug_info    0x000182b4       0x22 build/startup_stm32f103xb.o

.debug_abbrev   0x00000000     0x386b
 .debug_abbrev  0x00000000      0x26a build/main.o
 .debug_abbrev  0x0000026a      0x15c build/gpio.o
 .debug_abbrev  0x000003c6      0x1ca build/stm32f1xx_it.o
 .debug_abbrev  0x00000590       0xe7 build/stm32f1xx_hal_msp.o
 .debug_abbrev  0x00000677      0x140 build/system_stm32f1xx.o
 .debug_abbrev  0x000007b7      0x1c5 build/spi.o
 .debug_abbrev  0x0000097c      0x1e2 build/tim.o
 .debug_abbrev  0x00000b5e      0x1d5 build/usart.o
 .debug_abbrev  0x00000d33      0x29d build/stm32f1xx_hal_tim.o
 .debug_abbrev  0x00000fd0      0x29f build/stm32f1xx_hal_tim_ex.o
 .debug_abbrev  0x0000126f      0x1f7 build/stm32f1xx_hal.o
 .debug_abbrev  0x00001466      0x2b8 build/stm32f1xx_hal_rcc.o
 .debug_abbrev  0x0000171e      0x222 build/stm32f1xx_hal_gpio.o
 .debug_abbrev  0x00001940      0x244 build/stm32f1xx_hal_dma.o
 .debug_abbrev  0x00001b84      0x359 build/stm32f1xx_hal_cortex.o
 .debug_abbrev  0x00001edd      0x292 build/stm32f1xx_hal_spi.o
 .debug_abbrev  0x0000216f      0x334 build/stm32f1xx_hal_uart.o
 .debug_abbrev  0x000024a3      0x228 build/AD7793.o
 .debug_abbrev  0x000026cb      0x115 build/mbfunccoils.o
 .debug_abbrev  0x000027e0       0xf2 build/mbfuncdisc.o
 .debug_abbrev  0x000028d2       0xfd build/mbfuncholding.o
 .debug_abbrev  0x000029cf       0xf2 build/mbfuncinput.o
 .debug_abbrev  0x00002ac1       0xf9 build/mbfuncother.o
 .debug_abbrev  0x00002bba       0xd1 build/mbutils.o
 .debug_abbrev  0x00002c8b       0xd3 build/portevent.o
 .debug_abbrev  0x00002d5e      0x212 build/portserial.o
 .debug_abbrev  0x00002f70      0x201 build/porttimer.o
 .debug_abbrev  0x00003171       0x8f build/portcritical.o
 .debug_abbrev  0x00003200       0xb4 build/mbcrc.o
 .debug_abbrev  0x000032b4      0x193 build/mbrtu.o
 .debug_abbrev  0x00003447      0x205 build/mb.o
 .debug_abbrev  0x0000364c      0x125 build/user_mb_app.o
 .debug_abbrev  0x00003771       0xe8 build/ReceiveTransmit.o
 .debug_abbrev  0x00003859       0x12 build/startup_stm32f103xb.o

.debug_loc      0x00000000    0x14afb
 .debug_loc     0x00000000       0x72 build/main.o
 .debug_loc     0x00000072       0x38 build/gpio.o
 .debug_loc     0x000000aa       0xc0 build/stm32f1xx_it.o
 .debug_loc     0x0000016a       0x41 build/stm32f1xx_hal_msp.o
 .debug_loc     0x000001ab       0xff build/system_stm32f1xx.o
 .debug_loc     0x000002aa      0x108 build/spi.o
 .debug_loc     0x000003b2      0x1aa build/tim.o
 .debug_loc     0x0000055c      0x108 build/usart.o
 .debug_loc     0x00000664     0x5c5e build/stm32f1xx_hal_tim.o
 .debug_loc     0x000062c2     0x20f3 build/stm32f1xx_hal_tim_ex.o
 .debug_loc     0x000083b5      0x1e1 build/stm32f1xx_hal.o
 .debug_loc     0x00008596      0x790 build/stm32f1xx_hal_rcc.o
 .debug_loc     0x00008d26      0x551 build/stm32f1xx_hal_gpio.o
 .debug_loc     0x00009277      0x901 build/stm32f1xx_hal_dma.o
 .debug_loc     0x00009b78      0x77f build/stm32f1xx_hal_cortex.o
 .debug_loc     0x0000a2f7     0x255b build/stm32f1xx_hal_spi.o
 .debug_loc     0x0000c852     0x4ebf build/stm32f1xx_hal_uart.o
 .debug_loc     0x00011711      0x4a0 build/AD7793.o
 .debug_loc     0x00011bb1      0x6e3 build/mbfunccoils.o
 .debug_loc     0x00012294      0x289 build/mbfuncdisc.o
 .debug_loc     0x0001251d      0x85d build/mbfuncholding.o
 .debug_loc     0x00012d7a      0x1d8 build/mbfuncinput.o
 .debug_loc     0x00012f52      0x220 build/mbfuncother.o
 .debug_loc     0x00013172      0x333 build/mbutils.o
 .debug_loc     0x000134a5       0x89 build/portevent.o
 .debug_loc     0x0001352e      0x2a5 build/portserial.o
 .debug_loc     0x000137d3       0xc8 build/porttimer.o
 .debug_loc     0x0001389b       0xf7 build/mbcrc.o
 .debug_loc     0x00013992      0x496 build/mbrtu.o
 .debug_loc     0x00013e28      0x473 build/mb.o
 .debug_loc     0x0001429b      0x7dc build/user_mb_app.o
 .debug_loc     0x00014a77       0x84 build/ReceiveTransmit.o

.debug_aranges  0x00000000     0x1130
 .debug_aranges
                0x00000000       0x30 build/main.o
 .debug_aranges
                0x00000030       0x20 build/gpio.o
 .debug_aranges
                0x00000050       0x88 build/stm32f1xx_it.o
 .debug_aranges
                0x000000d8       0x20 build/stm32f1xx_hal_msp.o
 .debug_aranges
                0x000000f8       0x28 build/system_stm32f1xx.o
 .debug_aranges
                0x00000120       0x30 build/spi.o
 .debug_aranges
                0x00000150       0x38 build/tim.o
 .debug_aranges
                0x00000188       0x30 build/usart.o
 .debug_aranges
                0x000001b8      0x3d0 build/stm32f1xx_hal_tim.o
 .debug_aranges
                0x00000588      0x168 build/stm32f1xx_hal_tim_ex.o
 .debug_aranges
                0x000006f0       0xe0 build/stm32f1xx_hal.o
 .debug_aranges
                0x000007d0       0x90 build/stm32f1xx_hal_rcc.o
 .debug_aranges
                0x00000860       0x58 build/stm32f1xx_hal_gpio.o
 .debug_aranges
                0x000008b8       0x80 build/stm32f1xx_hal_dma.o
 .debug_aranges
                0x00000938       0x90 build/stm32f1xx_hal_cortex.o
 .debug_aranges
                0x000009c8      0x1d0 build/stm32f1xx_hal_spi.o
 .debug_aranges
                0x00000b98      0x208 build/stm32f1xx_hal_uart.o
 .debug_aranges
                0x00000da0       0x60 build/AD7793.o
 .debug_aranges
                0x00000e00       0x30 build/mbfunccoils.o
 .debug_aranges
                0x00000e30       0x20 build/mbfuncdisc.o
 .debug_aranges
                0x00000e50       0x38 build/mbfuncholding.o
 .debug_aranges
                0x00000e88       0x20 build/mbfuncinput.o
 .debug_aranges
                0x00000ea8       0x28 build/mbfuncother.o
 .debug_aranges
                0x00000ed0       0x30 build/mbutils.o
 .debug_aranges
                0x00000f00       0x30 build/portevent.o
 .debug_aranges
                0x00000f30       0x58 build/portserial.o
 .debug_aranges
                0x00000f88       0x38 build/porttimer.o
 .debug_aranges
                0x00000fc0       0x28 build/portcritical.o
 .debug_aranges
                0x00000fe8       0x20 build/mbcrc.o
 .debug_aranges
                0x00001008       0x58 build/mbrtu.o
 .debug_aranges
                0x00001060       0x48 build/mb.o
 .debug_aranges
                0x000010a8       0x38 build/user_mb_app.o
 .debug_aranges
                0x000010e0       0x28 build/ReceiveTransmit.o
 .debug_aranges
                0x00001108       0x28 build/startup_stm32f103xb.o

.debug_ranges   0x00000000      0xfb0
 .debug_ranges  0x00000000       0x20 build/main.o
 .debug_ranges  0x00000020       0x10 build/gpio.o
 .debug_ranges  0x00000030       0x78 build/stm32f1xx_it.o
 .debug_ranges  0x000000a8       0x10 build/stm32f1xx_hal_msp.o
 .debug_ranges  0x000000b8       0x18 build/system_stm32f1xx.o
 .debug_ranges  0x000000d0       0x20 build/spi.o
 .debug_ranges  0x000000f0       0x28 build/tim.o
 .debug_ranges  0x00000118       0x20 build/usart.o
 .debug_ranges  0x00000138      0x3c0 build/stm32f1xx_hal_tim.o
 .debug_ranges  0x000004f8      0x158 build/stm32f1xx_hal_tim_ex.o
 .debug_ranges  0x00000650       0xd0 build/stm32f1xx_hal.o
 .debug_ranges  0x00000720       0xa0 build/stm32f1xx_hal_rcc.o
 .debug_ranges  0x000007c0       0x48 build/stm32f1xx_hal_gpio.o
 .debug_ranges  0x00000808       0x70 build/stm32f1xx_hal_dma.o
 .debug_ranges  0x00000878       0xe0 build/stm32f1xx_hal_cortex.o
 .debug_ranges  0x00000958      0x1c0 build/stm32f1xx_hal_spi.o
 .debug_ranges  0x00000b18      0x210 build/stm32f1xx_hal_uart.o
 .debug_ranges  0x00000d28       0x50 build/AD7793.o
 .debug_ranges  0x00000d78       0x20 build/mbfunccoils.o
 .debug_ranges  0x00000d98       0x10 build/mbfuncdisc.o
 .debug_ranges  0x00000da8       0x28 build/mbfuncholding.o
 .debug_ranges  0x00000dd0       0x10 build/mbfuncinput.o
 .debug_ranges  0x00000de0       0x18 build/mbfuncother.o
 .debug_ranges  0x00000df8       0x20 build/mbutils.o
 .debug_ranges  0x00000e18       0x20 build/portevent.o
 .debug_ranges  0x00000e38       0x48 build/portserial.o
 .debug_ranges  0x00000e80       0x28 build/porttimer.o
 .debug_ranges  0x00000ea8       0x18 build/portcritical.o
 .debug_ranges  0x00000ec0       0x10 build/mbcrc.o
 .debug_ranges  0x00000ed0       0x48 build/mbrtu.o
 .debug_ranges  0x00000f18       0x38 build/mb.o
 .debug_ranges  0x00000f50       0x28 build/user_mb_app.o
 .debug_ranges  0x00000f78       0x18 build/ReceiveTransmit.o
 .debug_ranges  0x00000f90       0x20 build/startup_stm32f103xb.o

.debug_line     0x00000000    0x13798
 .debug_line    0x00000000      0x491 build/main.o
 .debug_line    0x00000491      0x212 build/gpio.o
 .debug_line    0x000006a3      0x349 build/stm32f1xx_it.o
 .debug_line    0x000009ec      0x144 build/stm32f1xx_hal_msp.o
 .debug_line    0x00000b30      0x20e build/system_stm32f1xx.o
 .debug_line    0x00000d3e      0x2d6 build/spi.o
 .debug_line    0x00001014      0x384 build/tim.o
 .debug_line    0x00001398      0x2da build/usart.o
 .debug_line    0x00001672     0x4941 build/stm32f1xx_hal_tim.o
 .debug_line    0x00005fb3     0x1bb6 build/stm32f1xx_hal_tim_ex.o
 .debug_line    0x00007b69      0x4f6 build/stm32f1xx_hal.o
 .debug_line    0x0000805f      0xbe6 build/stm32f1xx_hal_rcc.o
 .debug_line    0x00008c45      0x5a9 build/stm32f1xx_hal_gpio.o
 .debug_line    0x000091ee      0xa22 build/stm32f1xx_hal_dma.o
 .debug_line    0x00009c10      0x601 build/stm32f1xx_hal_cortex.o
 .debug_line    0x0000a211     0x2490 build/stm32f1xx_hal_spi.o
 .debug_line    0x0000c6a1     0x436b build/stm32f1xx_hal_uart.o
 .debug_line    0x00010a0c      0x415 build/AD7793.o
 .debug_line    0x00010e21      0x3b8 build/mbfunccoils.o
 .debug_line    0x000111d9      0x220 build/mbfuncdisc.o
 .debug_line    0x000113f9      0x45b build/mbfuncholding.o
 .debug_line    0x00011854      0x204 build/mbfuncinput.o
 .debug_line    0x00011a58      0x25a build/mbfuncother.o
 .debug_line    0x00011cb2      0x23e build/mbutils.o
 .debug_line    0x00011ef0      0x1a1 build/portevent.o
 .debug_line    0x00012091      0x2f4 build/portserial.o
 .debug_line    0x00012385      0x254 build/porttimer.o
 .debug_line    0x000125d9      0x173 build/portcritical.o
 .debug_line    0x0001274c      0x15b build/mbcrc.o
 .debug_line    0x000128a7      0x3d5 build/mbrtu.o
 .debug_line    0x00012c7c      0x4fc build/mb.o
 .debug_line    0x00013178      0x443 build/user_mb_app.o
 .debug_line    0x000135bb      0x169 build/ReceiveTransmit.o
 .debug_line    0x00013724       0x74 build/startup_stm32f103xb.o

.debug_str      0x00000000     0x4dde
 .debug_str     0x00000000      0xa9c build/main.o
                                0xba1 (size before relaxing)
 .debug_str     0x00000a9c      0x3e1 build/gpio.o
                                0x56b (size before relaxing)
 .debug_str     0x00000e7d      0x152 build/stm32f1xx_it.o
                                0x995 (size before relaxing)
 .debug_str     0x00000fcf       0x57 build/stm32f1xx_hal_msp.o
                                0x1fc (size before relaxing)
 .debug_str     0x00001026       0x7b build/system_stm32f1xx.o
                                0x231 (size before relaxing)
 .debug_str     0x000010a1      0x1d0 build/spi.o
                                0x668 (size before relaxing)
 .debug_str     0x00001271      0x139 build/tim.o
                                0xb09 (size before relaxing)
 .debug_str     0x000013aa       0x4e build/usart.o
                                0x9ae (size before relaxing)
 .debug_str     0x000013f8      0xe92 build/stm32f1xx_hal_tim.o
                               0x161c (size before relaxing)
 .debug_str     0x0000228a      0x521 build/stm32f1xx_hal_tim_ex.o
                                0xe1d (size before relaxing)
 .debug_str     0x000027ab      0x2e5 build/stm32f1xx_hal.o
                                0x801 (size before relaxing)
 .debug_str     0x00002a90      0x1e2 build/stm32f1xx_hal_rcc.o
                                0x608 (size before relaxing)
 .debug_str     0x00002c72       0xf9 build/stm32f1xx_hal_gpio.o
                                0x3dd (size before relaxing)
 .debug_str     0x00002d6b      0x20a build/stm32f1xx_hal_dma.o
                                0x5da (size before relaxing)
 .debug_str     0x00002f75      0x39b build/stm32f1xx_hal_cortex.o
                                0x8b0 (size before relaxing)
 .debug_str     0x00003310      0x51f build/stm32f1xx_hal_spi.o
                                0xb44 (size before relaxing)
 .debug_str     0x0000382f      0x5f7 build/stm32f1xx_hal_uart.o
                                0xcd1 (size before relaxing)
 .debug_str     0x00003e26       0xf6 build/AD7793.o
                                0xa1d (size before relaxing)
 .debug_str     0x00003f1c      0x27f build/mbfunccoils.o
                                0x3e3 (size before relaxing)
 .debug_str     0x0000419b       0x63 build/mbfuncdisc.o
                                0x37e (size before relaxing)
 .debug_str     0x000041fe      0x130 build/mbfuncholding.o
                                0x45b (size before relaxing)
 .debug_str     0x0000432e       0x52 build/mbfuncinput.o
                                0x36f (size before relaxing)
 .debug_str     0x00004380       0xb9 build/mbfuncother.o
                                0x3aa (size before relaxing)
 .debug_str     0x00004439       0xa7 build/mbutils.o
                                0x386 (size before relaxing)
 .debug_str     0x000044e0       0xc1 build/portevent.o
                                0x22f (size before relaxing)
 .debug_str     0x000045a1      0x118 build/portserial.o
                                0x72b (size before relaxing)
 .debug_str     0x000046b9       0x91 build/porttimer.o
                                0x737 (size before relaxing)
 .debug_str     0x0000474a       0x60 build/portcritical.o
                                0x1cd (size before relaxing)
 .debug_str     0x000047aa       0x42 build/mbcrc.o
                                0x1d2 (size before relaxing)
 .debug_str     0x000047ec      0x1a5 build/mbrtu.o
                                0x4e3 (size before relaxing)
 .debug_str     0x00004991      0x1c1 build/mb.o
                                0x633 (size before relaxing)
 .debug_str     0x00004b52      0x1f8 build/user_mb_app.o
                                0x44d (size before relaxing)
 .debug_str     0x00004d4a       0x70 build/ReceiveTransmit.o
                                0x222 (size before relaxing)
 .debug_str     0x00004dba       0x24 build/startup_stm32f103xb.o
                                 0x50 (size before relaxing)

.comment        0x00000000       0x49
 .comment       0x00000000       0x49 build/main.o
                                 0x4a (size before relaxing)
 .comment       0x00000049       0x4a build/gpio.o
 .comment       0x00000049       0x4a build/stm32f1xx_it.o
 .comment       0x00000049       0x4a build/stm32f1xx_hal_msp.o
 .comment       0x00000049       0x4a build/system_stm32f1xx.o
 .comment       0x00000049       0x4a build/spi.o
 .comment       0x00000049       0x4a build/tim.o
 .comment       0x00000049       0x4a build/usart.o
 .comment       0x00000049       0x4a build/stm32f1xx_hal_tim.o
 .comment       0x00000049       0x4a build/stm32f1xx_hal_tim_ex.o
 .comment       0x00000049       0x4a build/stm32f1xx_hal.o
 .comment       0x00000049       0x4a build/stm32f1xx_hal_rcc.o
 .comment       0x00000049       0x4a build/stm32f1xx_hal_gpio.o
 .comment       0x00000049       0x4a build/stm32f1xx_hal_dma.o
 .comment       0x00000049       0x4a build/stm32f1xx_hal_cortex.o
 .comment       0x00000049       0x4a build/stm32f1xx_hal_spi.o
 .comment       0x00000049       0x4a build/stm32f1xx_hal_uart.o
 .comment       0x00000049       0x4a build/AD7793.o
 .comment       0x00000049       0x4a build/mbfunccoils.o
 .comment       0x00000049       0x4a build/mbfuncdisc.o
 .comment       0x00000049       0x4a build/mbfuncholding.o
 .comment       0x00000049       0x4a build/mbfuncinput.o
 .comment       0x00000049       0x4a build/mbfuncother.o
 .comment       0x00000049       0x4a build/mbutils.o
 .comment       0x00000049       0x4a build/portevent.o
 .comment       0x00000049       0x4a build/portserial.o
 .comment       0x00000049       0x4a build/porttimer.o
 .comment       0x00000049       0x4a build/portcritical.o
 .comment       0x00000049       0x4a build/mbcrc.o
 .comment       0x00000049       0x4a build/mbrtu.o
 .comment       0x00000049       0x4a build/mb.o
 .comment       0x00000049       0x4a build/user_mb_app.o
 .comment       0x00000049       0x4a build/ReceiveTransmit.o

.debug_frame    0x00000000     0x2ee0
 .debug_frame   0x00000000       0x58 build/main.o
 .debug_frame   0x00000058       0x34 build/gpio.o
 .debug_frame   0x0000008c      0x120 build/stm32f1xx_it.o
 .debug_frame   0x000001ac       0x28 build/stm32f1xx_hal_msp.o
 .debug_frame   0x000001d4       0x30 build/system_stm32f1xx.o
 .debug_frame   0x00000204       0x60 build/spi.o
 .debug_frame   0x00000264       0x88 build/tim.o
 .debug_frame   0x000002ec       0x64 build/usart.o
 .debug_frame   0x00000350      0xb18 build/stm32f1xx_hal_tim.o
 .debug_frame   0x00000e68      0x40c build/stm32f1xx_hal_tim_ex.o
 .debug_frame   0x00001274      0x1cc build/stm32f1xx_hal.o
 .debug_frame   0x00001440      0x184 build/stm32f1xx_hal_rcc.o
 .debug_frame   0x000015c4       0xe4 build/stm32f1xx_hal_gpio.o
 .debug_frame   0x000016a8      0x144 build/stm32f1xx_hal_dma.o
 .debug_frame   0x000017ec      0x118 build/stm32f1xx_hal_cortex.o
 .debug_frame   0x00001904      0x5ac build/stm32f1xx_hal_spi.o
 .debug_frame   0x00001eb0      0x5d8 build/stm32f1xx_hal_uart.o
 .debug_frame   0x00002488      0x114 build/AD7793.o
 .debug_frame   0x0000259c       0x74 build/mbfunccoils.o
 .debug_frame   0x00002610       0x2c build/mbfuncdisc.o
 .debug_frame   0x0000263c       0x88 build/mbfuncholding.o
 .debug_frame   0x000026c4       0x2c build/mbfuncinput.o
 .debug_frame   0x000026f0       0x50 build/mbfuncother.o
 .debug_frame   0x00002740       0x48 build/mbutils.o
 .debug_frame   0x00002788       0x40 build/portevent.o
 .debug_frame   0x000027c8       0xc4 build/portserial.o
 .debug_frame   0x0000288c       0x68 build/porttimer.o
 .debug_frame   0x000028f4       0x30 build/portcritical.o
 .debug_frame   0x00002924       0x28 build/mbcrc.o
 .debug_frame   0x0000294c       0xec build/mbrtu.o
 .debug_frame   0x00002a38       0xb4 build/mb.o
 .debug_frame   0x00002aec       0x88 build/user_mb_app.o
 .debug_frame   0x00002b74       0x38 build/ReceiveTransmit.o
 .debug_frame   0x00002bac       0x20 c:/vscodeide/software/armembeddedgcc/bin/../lib/gcc/arm-none-eabi/10.3.1/../../../../arm-none-eabi/lib/thumb/v7-m/nofp\libc_nano.a(lib_a-errno.o)
 .debug_frame   0x00002bcc       0x2c c:/vscodeide/software/armembeddedgcc/bin/../lib/gcc/arm-none-eabi/10.3.1/../../../../arm-none-eabi/lib/thumb/v7-m/nofp\libc_nano.a(lib_a-init.o)
 .debug_frame   0x00002bf8       0x28 c:/vscodeide/software/armembeddedgcc/bin/../lib/gcc/arm-none-eabi/10.3.1/../../../../arm-none-eabi/lib/thumb/v7-m/nofp\libc_nano.a(lib_a-memcpy-stub.o)
 .debug_frame   0x00002c20       0x20 c:/vscodeide/software/armembeddedgcc/bin/../lib/gcc/arm-none-eabi/10.3.1/../../../../arm-none-eabi/lib/thumb/v7-m/nofp\libc_nano.a(lib_a-memset.o)
 .debug_frame   0x00002c40       0x30 c:/vscodeide/software/armembeddedgcc/bin/../lib/gcc/arm-none-eabi/10.3.1/../../../../arm-none-eabi/lib/thumb/v7-m/nofp\libm.a(lib_a-w_sqrt.o)
 .debug_frame   0x00002c70       0x34 c:/vscodeide/software/armembeddedgcc/bin/../lib/gcc/arm-none-eabi/10.3.1/../../../../arm-none-eabi/lib/thumb/v7-m/nofp\libm.a(lib_a-e_sqrt.o)
 .debug_frame   0x00002ca4       0xac c:/vscodeide/software/armembeddedgcc/bin/../lib/gcc/arm-none-eabi/10.3.1/thumb/v7-m/nofp\libgcc.a(_arm_addsubdf3.o)
 .debug_frame   0x00002d50       0x50 c:/vscodeide/software/armembeddedgcc/bin/../lib/gcc/arm-none-eabi/10.3.1/thumb/v7-m/nofp\libgcc.a(_arm_muldivdf3.o)
 .debug_frame   0x00002da0       0xc4 c:/vscodeide/software/armembeddedgcc/bin/../lib/gcc/arm-none-eabi/10.3.1/thumb/v7-m/nofp\libgcc.a(_arm_cmpdf2.o)
 .debug_frame   0x00002e64       0x20 c:/vscodeide/software/armembeddedgcc/bin/../lib/gcc/arm-none-eabi/10.3.1/thumb/v7-m/nofp\libgcc.a(_arm_unorddf2.o)
 .debug_frame   0x00002e84       0x24 c:/vscodeide/software/armembeddedgcc/bin/../lib/gcc/arm-none-eabi/10.3.1/thumb/v7-m/nofp\libgcc.a(_arm_truncdfsf2.o)
 .debug_frame   0x00002ea8       0x38 c:/vscodeide/software/armembeddedgcc/bin/../lib/gcc/arm-none-eabi/10.3.1/thumb/v7-m/nofp\libgcc.a(_arm_muldivsf3.o)

Cross Reference Table

Symbol                                            File
A                                                 build/main.o
AD7793_Configuration_Register                     build/AD7793.o
                                                  build/main.o
AD7793_ContinuousReadAvg                          build/AD7793.o
AD7793_IO_Register                                build/AD7793.o
                                                  build/main.o
AD7793_Init                                       build/AD7793.o
                                                  build/main.o
AD7793_Mode_Register                              build/AD7793.o
AD7793_Reset                                      build/AD7793.o
                                                  build/main.o
AD7793_SingleConversion                           build/AD7793.o
                                                  build/main.o
AD7793_WaitRdyGoLow                               build/AD7793.o
ADC1_2_IRQHandler                                 build/startup_stm32f103xb.o
AHBPrescTable                                     build/system_stm32f1xx.o
                                                  build/stm32f1xx_hal_rcc.o
APBPrescTable                                     build/system_stm32f1xx.o
                                                  build/stm32f1xx_hal_rcc.o
B                                                 build/main.o
BusFault_Handler                                  build/stm32f1xx_it.o
CAN1_RX1_IRQHandler                               build/startup_stm32f103xb.o
CAN1_SCE_IRQHandler                               build/startup_stm32f103xb.o
DMA1_Channel1_IRQHandler                          build/startup_stm32f103xb.o
DMA1_Channel2_IRQHandler                          build/startup_stm32f103xb.o
DMA1_Channel3_IRQHandler                          build/startup_stm32f103xb.o
DMA1_Channel4_IRQHandler                          build/startup_stm32f103xb.o
DMA1_Channel5_IRQHandler                          build/startup_stm32f103xb.o
DMA1_Channel6_IRQHandler                          build/startup_stm32f103xb.o
DMA1_Channel7_IRQHandler                          build/startup_stm32f103xb.o
DebugMon_Handler                                  build/stm32f1xx_it.o
Default_Handler                                   build/startup_stm32f103xb.o
EXTI0_IRQHandler                                  build/startup_stm32f103xb.o
EXTI15_10_IRQHandler                              build/stm32f1xx_it.o
EXTI1_IRQHandler                                  build/startup_stm32f103xb.o
EXTI2_IRQHandler                                  build/startup_stm32f103xb.o
EXTI3_IRQHandler                                  build/stm32f1xx_it.o
EXTI4_IRQHandler                                  build/startup_stm32f103xb.o
EXTI9_5_IRQHandler                                build/startup_stm32f103xb.o
Error_Handler                                     build/main.o
                                                  build/usart.o
                                                  build/tim.o
                                                  build/spi.o
FLASH_IRQHandler                                  build/startup_stm32f103xb.o
FLASH_PageErase                                   build/stm32f1xx_hal_flash_ex.o
                                                  build/stm32f1xx_hal_flash.o
FLASH_WaitForLastOperation                        build/stm32f1xx_hal_flash.o
                                                  build/stm32f1xx_hal_flash_ex.o
GAIN                                              build/main.o
HAL_DBGMCU_DisableDBGSleepMode                    build/stm32f1xx_hal.o
HAL_DBGMCU_DisableDBGStandbyMode                  build/stm32f1xx_hal.o
HAL_DBGMCU_DisableDBGStopMode                     build/stm32f1xx_hal.o
HAL_DBGMCU_EnableDBGSleepMode                     build/stm32f1xx_hal.o
HAL_DBGMCU_EnableDBGStandbyMode                   build/stm32f1xx_hal.o
HAL_DBGMCU_EnableDBGStopMode                      build/stm32f1xx_hal.o
HAL_DMA_Abort                                     build/stm32f1xx_hal_dma.o
                                                  build/stm32f1xx_hal_uart.o
                                                  build/stm32f1xx_hal_spi.o
HAL_DMA_Abort_IT                                  build/stm32f1xx_hal_dma.o
                                                  build/stm32f1xx_hal_uart.o
                                                  build/stm32f1xx_hal_spi.o
                                                  build/stm32f1xx_hal_tim_ex.o
                                                  build/stm32f1xx_hal_tim.o
HAL_DMA_DeInit                                    build/stm32f1xx_hal_dma.o
HAL_DMA_GetError                                  build/stm32f1xx_hal_dma.o
                                                  build/stm32f1xx_hal_uart.o
HAL_DMA_GetState                                  build/stm32f1xx_hal_dma.o
HAL_DMA_IRQHandler                                build/stm32f1xx_hal_dma.o
HAL_DMA_Init                                      build/stm32f1xx_hal_dma.o
HAL_DMA_PollForTransfer                           build/stm32f1xx_hal_dma.o
HAL_DMA_RegisterCallback                          build/stm32f1xx_hal_dma.o
HAL_DMA_Start                                     build/stm32f1xx_hal_dma.o
HAL_DMA_Start_IT                                  build/stm32f1xx_hal_dma.o
                                                  build/stm32f1xx_hal_uart.o
                                                  build/stm32f1xx_hal_spi.o
                                                  build/stm32f1xx_hal_tim_ex.o
                                                  build/stm32f1xx_hal_tim.o
HAL_DMA_UnRegisterCallback                        build/stm32f1xx_hal_dma.o
HAL_DeInit                                        build/stm32f1xx_hal.o
HAL_Delay                                         build/stm32f1xx_hal.o
                                                  build/main.o
HAL_EXTI_ClearConfigLine                          build/stm32f1xx_hal_exti.o
HAL_EXTI_ClearPending                             build/stm32f1xx_hal_exti.o
HAL_EXTI_GenerateSWI                              build/stm32f1xx_hal_exti.o
HAL_EXTI_GetConfigLine                            build/stm32f1xx_hal_exti.o
HAL_EXTI_GetHandle                                build/stm32f1xx_hal_exti.o
HAL_EXTI_GetPending                               build/stm32f1xx_hal_exti.o
HAL_EXTI_IRQHandler                               build/stm32f1xx_hal_exti.o
HAL_EXTI_RegisterCallback                         build/stm32f1xx_hal_exti.o
HAL_EXTI_SetConfigLine                            build/stm32f1xx_hal_exti.o
HAL_FLASHEx_Erase                                 build/stm32f1xx_hal_flash_ex.o
HAL_FLASHEx_Erase_IT                              build/stm32f1xx_hal_flash_ex.o
HAL_FLASHEx_OBErase                               build/stm32f1xx_hal_flash_ex.o
HAL_FLASHEx_OBGetConfig                           build/stm32f1xx_hal_flash_ex.o
HAL_FLASHEx_OBGetUserData                         build/stm32f1xx_hal_flash_ex.o
HAL_FLASHEx_OBProgram                             build/stm32f1xx_hal_flash_ex.o
HAL_FLASH_EndOfOperationCallback                  build/stm32f1xx_hal_flash.o
HAL_FLASH_GetError                                build/stm32f1xx_hal_flash.o
HAL_FLASH_IRQHandler                              build/stm32f1xx_hal_flash.o
HAL_FLASH_Lock                                    build/stm32f1xx_hal_flash.o
HAL_FLASH_OB_Launch                               build/stm32f1xx_hal_flash.o
HAL_FLASH_OB_Lock                                 build/stm32f1xx_hal_flash.o
HAL_FLASH_OB_Unlock                               build/stm32f1xx_hal_flash.o
HAL_FLASH_OperationErrorCallback                  build/stm32f1xx_hal_flash.o
HAL_FLASH_Program                                 build/stm32f1xx_hal_flash.o
HAL_FLASH_Program_IT                              build/stm32f1xx_hal_flash.o
HAL_FLASH_Unlock                                  build/stm32f1xx_hal_flash.o
HAL_GPIOEx_ConfigEventout                         build/stm32f1xx_hal_gpio_ex.o
HAL_GPIOEx_DisableEventout                        build/stm32f1xx_hal_gpio_ex.o
HAL_GPIOEx_EnableEventout                         build/stm32f1xx_hal_gpio_ex.o
HAL_GPIO_DeInit                                   build/stm32f1xx_hal_gpio.o
                                                  build/usart.o
                                                  build/spi.o
HAL_GPIO_EXTI_Callback                            build/stm32f1xx_hal_gpio.o
HAL_GPIO_EXTI_IRQHandler                          build/stm32f1xx_hal_gpio.o
                                                  build/stm32f1xx_it.o
HAL_GPIO_Init                                     build/stm32f1xx_hal_gpio.o
                                                  build/stm32f1xx_hal_rcc.o
                                                  build/usart.o
                                                  build/spi.o
                                                  build/gpio.o
HAL_GPIO_LockPin                                  build/stm32f1xx_hal_gpio.o
HAL_GPIO_ReadPin                                  build/stm32f1xx_hal_gpio.o
HAL_GPIO_TogglePin                                build/stm32f1xx_hal_gpio.o
HAL_GPIO_WritePin                                 build/stm32f1xx_hal_gpio.o
                                                  build/AD7793.o
                                                  build/gpio.o
HAL_GetDEVID                                      build/stm32f1xx_hal.o
HAL_GetHalVersion                                 build/stm32f1xx_hal.o
HAL_GetREVID                                      build/stm32f1xx_hal.o
HAL_GetTick                                       build/stm32f1xx_hal.o
                                                  build/stm32f1xx_hal_uart.o
                                                  build/stm32f1xx_hal_spi.o
                                                  build/stm32f1xx_hal_flash.o
                                                  build/stm32f1xx_hal_dma.o
                                                  build/stm32f1xx_hal_rcc_ex.o
                                                  build/stm32f1xx_hal_rcc.o
HAL_GetTickFreq                                   build/stm32f1xx_hal.o
HAL_GetTickPrio                                   build/stm32f1xx_hal.o
HAL_GetUIDw0                                      build/stm32f1xx_hal.o
HAL_GetUIDw1                                      build/stm32f1xx_hal.o
HAL_GetUIDw2                                      build/stm32f1xx_hal.o
HAL_HalfDuplex_EnableReceiver                     build/stm32f1xx_hal_uart.o
HAL_HalfDuplex_EnableTransmitter                  build/stm32f1xx_hal_uart.o
HAL_HalfDuplex_Init                               build/stm32f1xx_hal_uart.o
HAL_IncTick                                       build/stm32f1xx_hal.o
                                                  build/stm32f1xx_it.o
HAL_Init                                          build/stm32f1xx_hal.o
                                                  build/main.o
HAL_InitTick                                      build/stm32f1xx_hal.o
                                                  build/stm32f1xx_hal_rcc.o
HAL_LIN_Init                                      build/stm32f1xx_hal_uart.o
HAL_LIN_SendBreak                                 build/stm32f1xx_hal_uart.o
HAL_MspDeInit                                     build/stm32f1xx_hal.o
HAL_MspInit                                       build/stm32f1xx_hal_msp.o
HAL_MultiProcessor_EnterMuteMode                  build/stm32f1xx_hal_uart.o
HAL_MultiProcessor_ExitMuteMode                   build/stm32f1xx_hal_uart.o
HAL_MultiProcessor_Init                           build/stm32f1xx_hal_uart.o
HAL_NVIC_ClearPendingIRQ                          build/stm32f1xx_hal_cortex.o
HAL_NVIC_DisableIRQ                               build/stm32f1xx_hal_cortex.o
                                                  build/usart.o
                                                  build/tim.o
                                                  build/gpio.o
HAL_NVIC_EnableIRQ                                build/stm32f1xx_hal_cortex.o
                                                  build/AD7793.o
                                                  build/usart.o
                                                  build/tim.o
                                                  build/gpio.o
HAL_NVIC_GetActive                                build/stm32f1xx_hal_cortex.o
HAL_NVIC_GetPendingIRQ                            build/stm32f1xx_hal_cortex.o
HAL_NVIC_GetPriority                              build/stm32f1xx_hal_cortex.o
HAL_NVIC_GetPriorityGrouping                      build/stm32f1xx_hal_cortex.o
HAL_NVIC_SetPendingIRQ                            build/stm32f1xx_hal_cortex.o
HAL_NVIC_SetPriority                              build/stm32f1xx_hal_cortex.o
                                                  build/stm32f1xx_hal.o
                                                  build/usart.o
                                                  build/tim.o
                                                  build/gpio.o
HAL_NVIC_SetPriorityGrouping                      build/stm32f1xx_hal_cortex.o
                                                  build/stm32f1xx_hal.o
HAL_NVIC_SystemReset                              build/stm32f1xx_hal_cortex.o
                                                  build/stm32f1xx_hal_flash.o
HAL_PWR_ConfigPVD                                 build/stm32f1xx_hal_pwr.o
HAL_PWR_DeInit                                    build/stm32f1xx_hal_pwr.o
HAL_PWR_DisableBkUpAccess                         build/stm32f1xx_hal_pwr.o
HAL_PWR_DisablePVD                                build/stm32f1xx_hal_pwr.o
HAL_PWR_DisableSEVOnPend                          build/stm32f1xx_hal_pwr.o
HAL_PWR_DisableSleepOnExit                        build/stm32f1xx_hal_pwr.o
HAL_PWR_DisableWakeUpPin                          build/stm32f1xx_hal_pwr.o
HAL_PWR_EnableBkUpAccess                          build/stm32f1xx_hal_pwr.o
HAL_PWR_EnablePVD                                 build/stm32f1xx_hal_pwr.o
HAL_PWR_EnableSEVOnPend                           build/stm32f1xx_hal_pwr.o
HAL_PWR_EnableSleepOnExit                         build/stm32f1xx_hal_pwr.o
HAL_PWR_EnableWakeUpPin                           build/stm32f1xx_hal_pwr.o
HAL_PWR_EnterSLEEPMode                            build/stm32f1xx_hal_pwr.o
HAL_PWR_EnterSTANDBYMode                          build/stm32f1xx_hal_pwr.o
HAL_PWR_EnterSTOPMode                             build/stm32f1xx_hal_pwr.o
HAL_PWR_PVDCallback                               build/stm32f1xx_hal_pwr.o
HAL_PWR_PVD_IRQHandler                            build/stm32f1xx_hal_pwr.o
HAL_RCCEx_GetPeriphCLKConfig                      build/stm32f1xx_hal_rcc_ex.o
HAL_RCCEx_GetPeriphCLKFreq                        build/stm32f1xx_hal_rcc_ex.o
HAL_RCCEx_PeriphCLKConfig                         build/stm32f1xx_hal_rcc_ex.o
HAL_RCC_CSSCallback                               build/stm32f1xx_hal_rcc.o
HAL_RCC_ClockConfig                               build/stm32f1xx_hal_rcc.o
                                                  build/main.o
HAL_RCC_DeInit                                    build/stm32f1xx_hal_rcc.o
HAL_RCC_DisableCSS                                build/stm32f1xx_hal_rcc.o
HAL_RCC_EnableCSS                                 build/stm32f1xx_hal_rcc.o
HAL_RCC_GetClockConfig                            build/stm32f1xx_hal_rcc.o
HAL_RCC_GetHCLKFreq                               build/stm32f1xx_hal_rcc.o
HAL_RCC_GetOscConfig                              build/stm32f1xx_hal_rcc.o
HAL_RCC_GetPCLK1Freq                              build/stm32f1xx_hal_rcc.o
                                                  build/stm32f1xx_hal_uart.o
HAL_RCC_GetPCLK2Freq                              build/stm32f1xx_hal_rcc.o
                                                  build/stm32f1xx_hal_uart.o
                                                  build/stm32f1xx_hal_rcc_ex.o
HAL_RCC_GetSysClockFreq                           build/stm32f1xx_hal_rcc.o
HAL_RCC_MCOConfig                                 build/stm32f1xx_hal_rcc.o
HAL_RCC_NMI_IRQHandler                            build/stm32f1xx_hal_rcc.o
HAL_RCC_OscConfig                                 build/stm32f1xx_hal_rcc.o
                                                  build/main.o
HAL_ResumeTick                                    build/stm32f1xx_hal.o
HAL_SPI_Abort                                     build/stm32f1xx_hal_spi.o
HAL_SPI_AbortCpltCallback                         build/stm32f1xx_hal_spi.o
HAL_SPI_Abort_IT                                  build/stm32f1xx_hal_spi.o
HAL_SPI_DMAPause                                  build/stm32f1xx_hal_spi.o
HAL_SPI_DMAResume                                 build/stm32f1xx_hal_spi.o
HAL_SPI_DMAStop                                   build/stm32f1xx_hal_spi.o
HAL_SPI_DeInit                                    build/stm32f1xx_hal_spi.o
HAL_SPI_ErrorCallback                             build/stm32f1xx_hal_spi.o
HAL_SPI_GetError                                  build/stm32f1xx_hal_spi.o
HAL_SPI_GetState                                  build/stm32f1xx_hal_spi.o
HAL_SPI_IRQHandler                                build/stm32f1xx_hal_spi.o
HAL_SPI_Init                                      build/stm32f1xx_hal_spi.o
                                                  build/spi.o
HAL_SPI_MspDeInit                                 build/spi.o
HAL_SPI_MspInit                                   build/spi.o
HAL_SPI_Receive                                   build/stm32f1xx_hal_spi.o
HAL_SPI_Receive_DMA                               build/stm32f1xx_hal_spi.o
HAL_SPI_Receive_IT                                build/stm32f1xx_hal_spi.o
HAL_SPI_RxCpltCallback                            build/stm32f1xx_hal_spi.o
HAL_SPI_RxHalfCpltCallback                        build/stm32f1xx_hal_spi.o
HAL_SPI_Transmit                                  build/stm32f1xx_hal_spi.o
                                                  build/AD7793.o
HAL_SPI_TransmitReceive                           build/stm32f1xx_hal_spi.o
                                                  build/AD7793.o
HAL_SPI_TransmitReceive_DMA                       build/stm32f1xx_hal_spi.o
HAL_SPI_TransmitReceive_IT                        build/stm32f1xx_hal_spi.o
HAL_SPI_Transmit_DMA                              build/stm32f1xx_hal_spi.o
HAL_SPI_Transmit_IT                               build/stm32f1xx_hal_spi.o
HAL_SPI_TxCpltCallback                            build/stm32f1xx_hal_spi.o
HAL_SPI_TxHalfCpltCallback                        build/stm32f1xx_hal_spi.o
HAL_SPI_TxRxCpltCallback                          build/stm32f1xx_hal_spi.o
HAL_SPI_TxRxHalfCpltCallback                      build/stm32f1xx_hal_spi.o
HAL_SYSTICK_CLKSourceConfig                       build/stm32f1xx_hal_cortex.o
HAL_SYSTICK_Callback                              build/stm32f1xx_hal_cortex.o
HAL_SYSTICK_Config                                build/stm32f1xx_hal_cortex.o
                                                  build/stm32f1xx_hal.o
HAL_SYSTICK_IRQHandler                            build/stm32f1xx_hal_cortex.o
HAL_SetTickFreq                                   build/stm32f1xx_hal.o
HAL_SuspendTick                                   build/stm32f1xx_hal.o
HAL_TIMEx_BreakCallback                           build/stm32f1xx_hal_tim_ex.o
                                                  build/stm32f1xx_hal_tim.o
HAL_TIMEx_CommutCallback                          build/stm32f1xx_hal_tim_ex.o
                                                  build/stm32f1xx_hal_tim.o
HAL_TIMEx_CommutHalfCpltCallback                  build/stm32f1xx_hal_tim_ex.o
HAL_TIMEx_ConfigBreakDeadTime                     build/stm32f1xx_hal_tim_ex.o
HAL_TIMEx_ConfigCommutEvent                       build/stm32f1xx_hal_tim_ex.o
HAL_TIMEx_ConfigCommutEvent_DMA                   build/stm32f1xx_hal_tim_ex.o
HAL_TIMEx_ConfigCommutEvent_IT                    build/stm32f1xx_hal_tim_ex.o
HAL_TIMEx_GetChannelNState                        build/stm32f1xx_hal_tim_ex.o
HAL_TIMEx_HallSensor_DeInit                       build/stm32f1xx_hal_tim_ex.o
HAL_TIMEx_HallSensor_GetState                     build/stm32f1xx_hal_tim_ex.o
HAL_TIMEx_HallSensor_Init                         build/stm32f1xx_hal_tim_ex.o
HAL_TIMEx_HallSensor_MspDeInit                    build/stm32f1xx_hal_tim_ex.o
HAL_TIMEx_HallSensor_MspInit                      build/stm32f1xx_hal_tim_ex.o
HAL_TIMEx_HallSensor_Start                        build/stm32f1xx_hal_tim_ex.o
HAL_TIMEx_HallSensor_Start_DMA                    build/stm32f1xx_hal_tim_ex.o
HAL_TIMEx_HallSensor_Start_IT                     build/stm32f1xx_hal_tim_ex.o
HAL_TIMEx_HallSensor_Stop                         build/stm32f1xx_hal_tim_ex.o
HAL_TIMEx_HallSensor_Stop_DMA                     build/stm32f1xx_hal_tim_ex.o
HAL_TIMEx_HallSensor_Stop_IT                      build/stm32f1xx_hal_tim_ex.o
HAL_TIMEx_MasterConfigSynchronization             build/stm32f1xx_hal_tim_ex.o
                                                  build/tim.o
HAL_TIMEx_OCN_Start                               build/stm32f1xx_hal_tim_ex.o
HAL_TIMEx_OCN_Start_DMA                           build/stm32f1xx_hal_tim_ex.o
HAL_TIMEx_OCN_Start_IT                            build/stm32f1xx_hal_tim_ex.o
HAL_TIMEx_OCN_Stop                                build/stm32f1xx_hal_tim_ex.o
HAL_TIMEx_OCN_Stop_DMA                            build/stm32f1xx_hal_tim_ex.o
HAL_TIMEx_OCN_Stop_IT                             build/stm32f1xx_hal_tim_ex.o
HAL_TIMEx_OnePulseN_Start                         build/stm32f1xx_hal_tim_ex.o
HAL_TIMEx_OnePulseN_Start_IT                      build/stm32f1xx_hal_tim_ex.o
HAL_TIMEx_OnePulseN_Stop                          build/stm32f1xx_hal_tim_ex.o
HAL_TIMEx_OnePulseN_Stop_IT                       build/stm32f1xx_hal_tim_ex.o
HAL_TIMEx_PWMN_Start                              build/stm32f1xx_hal_tim_ex.o
HAL_TIMEx_PWMN_Start_DMA                          build/stm32f1xx_hal_tim_ex.o
HAL_TIMEx_PWMN_Start_IT                           build/stm32f1xx_hal_tim_ex.o
HAL_TIMEx_PWMN_Stop                               build/stm32f1xx_hal_tim_ex.o
HAL_TIMEx_PWMN_Stop_DMA                           build/stm32f1xx_hal_tim_ex.o
HAL_TIMEx_PWMN_Stop_IT                            build/stm32f1xx_hal_tim_ex.o
HAL_TIMEx_RemapConfig                             build/stm32f1xx_hal_tim_ex.o
HAL_TIM_Base_DeInit                               build/stm32f1xx_hal_tim.o
HAL_TIM_Base_GetState                             build/stm32f1xx_hal_tim.o